Command line invocation:
    /Applications/Xcode.app/Contents/Developer/usr/bin/xcodebuild -scheme Runnr -destination "generic/platform=iOS Simulator" build

Resolve Package Graph


Resolved source packages:
  swift-asn1: https://github.com/apple/swift-asn1.git @ 1.5.1
  Polyline: https://github.com/raphaelmor/Polyline.git @ master (353f803)
  swift-crypto: https://github.com/apple/swift-crypto.git @ 4.2.0
  Supabase: https://github.com/supabase/supabase-swift.git @ 2.41.1
  GoogleMaps: https://github.com/googlemaps/ios-maps-sdk @ 10.4.0
  Lottie: https://github.com/airbnb/lottie-spm @ 4.6.0
  swift-concurrency-extras: https://github.com/pointfreeco/swift-concurrency-extras @ 1.3.2
  JTAppleCalendar: https://github.com/patchthecode/JTAppleCalendar @ 8.0.5
  swift-clocks: https://github.com/pointfreeco/swift-clocks @ 1.0.6
  Kingfisher: https://github.com/onevcat/Kingfisher.git @ 8.7.0
  swift-http-types: https://github.com/apple/swift-http-types.git @ 1.5.1
  xctest-dynamic-overlay: https://github.com/pointfreeco/xctest-dynamic-overlay @ 1.9.0

ComputePackagePrebuildTargetDependencyGraph

Prepare packages

CreateBuildRequest

SendProjectDescription

CreateBuildOperation

ComputeTargetDependencyGraph
note: Building targets in dependency order
note: Target dependency graph (40 targets)
    Target 'Runnr' in project 'Runnr'
        ➜ Explicit dependency on target 'JTAppleCalendar' in project 'JTAppleCalendar'
        ➜ Explicit dependency on target 'GoogleMaps' in project 'GoogleMaps'
        ➜ Explicit dependency on target 'Storage' in project 'Supabase'
        ➜ Explicit dependency on target 'Kingfisher' in project 'Kingfisher'
        ➜ Explicit dependency on target 'Functions' in project 'Supabase'
        ➜ Explicit dependency on target 'Lottie' in project 'Lottie'
        ➜ Explicit dependency on target 'Supabase' in project 'Supabase'
        ➜ Explicit dependency on target 'Realtime' in project 'Supabase'
        ➜ Explicit dependency on target 'Auth' in project 'Supabase'
        ➜ Explicit dependency on target 'Polyline' in project 'Polyline'
        ➜ Explicit dependency on target 'PostgREST' in project 'Supabase'
    Target 'PostgREST' in project 'Supabase'
        ➜ Explicit dependency on target 'PostgREST' in project 'Supabase'
        ➜ Explicit dependency on target 'Helpers' in project 'Supabase'
        ➜ Explicit dependency on target 'ConcurrencyExtras' in project 'swift-concurrency-extras'
        ➜ Explicit dependency on target 'HTTPTypes' in project 'swift-http-types'
        ➜ Explicit dependency on target 'Clocks' in project 'swift-clocks'
        ➜ Explicit dependency on target 'XCTestDynamicOverlay' in project 'xctest-dynamic-overlay'
    Target 'Polyline' in project 'Polyline'
        ➜ Explicit dependency on target 'Polyline' in project 'Polyline'
    Target 'Polyline' in project 'Polyline' (no dependencies)
    Target 'Auth' in project 'Supabase'
        ➜ Explicit dependency on target 'Auth' in project 'Supabase'
        ➜ Explicit dependency on target 'Helpers' in project 'Supabase'
        ➜ Explicit dependency on target 'ConcurrencyExtras' in project 'swift-concurrency-extras'
        ➜ Explicit dependency on target 'HTTPTypes' in project 'swift-http-types'
        ➜ Explicit dependency on target 'Clocks' in project 'swift-clocks'
        ➜ Explicit dependency on target 'XCTestDynamicOverlay' in project 'xctest-dynamic-overlay'
        ➜ Explicit dependency on target 'Crypto' in project 'swift-crypto'
    Target 'Realtime' in project 'Supabase'
        ➜ Explicit dependency on target 'Realtime' in project 'Supabase'
        ➜ Explicit dependency on target 'Helpers' in project 'Supabase'
        ➜ Explicit dependency on target 'ConcurrencyExtras' in project 'swift-concurrency-extras'
        ➜ Explicit dependency on target 'HTTPTypes' in project 'swift-http-types'
        ➜ Explicit dependency on target 'Clocks' in project 'swift-clocks'
        ➜ Explicit dependency on target 'XCTestDynamicOverlay' in project 'xctest-dynamic-overlay'
        ➜ Explicit dependency on target 'IssueReporting' in project 'xctest-dynamic-overlay'
    Target 'Supabase' in project 'Supabase'
        ➜ Explicit dependency on target 'Supabase' in project 'Supabase'
        ➜ Explicit dependency on target 'Functions' in project 'Supabase'
        ➜ Explicit dependency on target 'PostgREST' in project 'Supabase'
        ➜ Explicit dependency on target 'Auth' in project 'Supabase'
        ➜ Explicit dependency on target 'Realtime' in project 'Supabase'
        ➜ Explicit dependency on target 'Storage' in project 'Supabase'
        ➜ Explicit dependency on target 'Helpers' in project 'Supabase'
        ➜ Explicit dependency on target 'ConcurrencyExtras' in project 'swift-concurrency-extras'
        ➜ Explicit dependency on target 'HTTPTypes' in project 'swift-http-types'
        ➜ Explicit dependency on target 'Clocks' in project 'swift-clocks'
        ➜ Explicit dependency on target 'XCTestDynamicOverlay' in project 'xctest-dynamic-overlay'
        ➜ Explicit dependency on target 'Crypto' in project 'swift-crypto'
        ➜ Explicit dependency on target 'IssueReporting' in project 'xctest-dynamic-overlay'
    Target 'Supabase' in project 'Supabase'
        ➜ Explicit dependency on target 'Helpers' in project 'Supabase'
        ➜ Explicit dependency on target 'Auth' in project 'Supabase'
        ➜ Explicit dependency on target 'Functions' in project 'Supabase'
        ➜ Explicit dependency on target 'PostgREST' in project 'Supabase'
        ➜ Explicit dependency on target 'Realtime' in project 'Supabase'
        ➜ Explicit dependency on target 'Storage' in project 'Supabase'
        ➜ Explicit dependency on target 'ConcurrencyExtras' in project 'swift-concurrency-extras'
        ➜ Explicit dependency on target 'HTTPTypes' in project 'swift-http-types'
        ➜ Explicit dependency on target 'Clocks' in project 'swift-clocks'
        ➜ Explicit dependency on target 'XCTestDynamicOverlay' in project 'xctest-dynamic-overlay'
        ➜ Explicit dependency on target 'Crypto' in project 'swift-crypto'
        ➜ Explicit dependency on target 'IssueReporting' in project 'xctest-dynamic-overlay'
    Target 'Realtime' in project 'Supabase'
        ➜ Explicit dependency on target 'Helpers' in project 'Supabase'
        ➜ Explicit dependency on target 'ConcurrencyExtras' in project 'swift-concurrency-extras'
        ➜ Explicit dependency on target 'HTTPTypes' in project 'swift-http-types'
        ➜ Explicit dependency on target 'Clocks' in project 'swift-clocks'
        ➜ Explicit dependency on target 'XCTestDynamicOverlay' in project 'xctest-dynamic-overlay'
        ➜ Explicit dependency on target 'IssueReporting' in project 'xctest-dynamic-overlay'
    Target 'PostgREST' in project 'Supabase'
        ➜ Explicit dependency on target 'Helpers' in project 'Supabase'
        ➜ Explicit dependency on target 'ConcurrencyExtras' in project 'swift-concurrency-extras'
        ➜ Explicit dependency on target 'HTTPTypes' in project 'swift-http-types'
        ➜ Explicit dependency on target 'Clocks' in project 'swift-clocks'
        ➜ Explicit dependency on target 'XCTestDynamicOverlay' in project 'xctest-dynamic-overlay'
    Target 'Auth' in project 'Supabase'
        ➜ Explicit dependency on target 'Helpers' in project 'Supabase'
        ➜ Explicit dependency on target 'ConcurrencyExtras' in project 'swift-concurrency-extras'
        ➜ Explicit dependency on target 'HTTPTypes' in project 'swift-http-types'
        ➜ Explicit dependency on target 'Clocks' in project 'swift-clocks'
        ➜ Explicit dependency on target 'XCTestDynamicOverlay' in project 'xctest-dynamic-overlay'
        ➜ Explicit dependency on target 'Crypto' in project 'swift-crypto'
    Target 'Crypto' in project 'swift-crypto'
        ➜ Explicit dependency on target 'Crypto' in project 'swift-crypto'
        ➜ Explicit dependency on target 'swift-crypto_Crypto' in project 'swift-crypto'
    Target 'Crypto' in project 'swift-crypto'
        ➜ Explicit dependency on target 'swift-crypto_Crypto' in project 'swift-crypto'
    Target 'swift-crypto_Crypto' in project 'swift-crypto' (no dependencies)
    Target 'Lottie' in project 'Lottie'
        ➜ Explicit dependency on target '_LottieStub' in project 'Lottie'
    Target '_LottieStub' in project 'Lottie' (no dependencies)
    Target 'Functions' in project 'Supabase'
        ➜ Explicit dependency on target 'Functions' in project 'Supabase'
        ➜ Explicit dependency on target 'Helpers' in project 'Supabase'
        ➜ Explicit dependency on target 'ConcurrencyExtras' in project 'swift-concurrency-extras'
        ➜ Explicit dependency on target 'HTTPTypes' in project 'swift-http-types'
        ➜ Explicit dependency on target 'Clocks' in project 'swift-clocks'
        ➜ Explicit dependency on target 'XCTestDynamicOverlay' in project 'xctest-dynamic-overlay'
    Target 'Functions' in project 'Supabase'
        ➜ Explicit dependency on target 'Helpers' in project 'Supabase'
        ➜ Explicit dependency on target 'ConcurrencyExtras' in project 'swift-concurrency-extras'
        ➜ Explicit dependency on target 'HTTPTypes' in project 'swift-http-types'
        ➜ Explicit dependency on target 'Clocks' in project 'swift-clocks'
        ➜ Explicit dependency on target 'XCTestDynamicOverlay' in project 'xctest-dynamic-overlay'
    Target 'Kingfisher' in project 'Kingfisher'
        ➜ Explicit dependency on target 'Kingfisher' in project 'Kingfisher'
        ➜ Explicit dependency on target 'Kingfisher_Kingfisher' in project 'Kingfisher'
    Target 'Kingfisher' in project 'Kingfisher'
        ➜ Explicit dependency on target 'Kingfisher_Kingfisher' in project 'Kingfisher'
    Target 'Kingfisher_Kingfisher' in project 'Kingfisher' (no dependencies)
    Target 'Storage' in project 'Supabase'
        ➜ Explicit dependency on target 'Storage' in project 'Supabase'
        ➜ Explicit dependency on target 'Helpers' in project 'Supabase'
        ➜ Explicit dependency on target 'ConcurrencyExtras' in project 'swift-concurrency-extras'
        ➜ Explicit dependency on target 'HTTPTypes' in project 'swift-http-types'
        ➜ Explicit dependency on target 'Clocks' in project 'swift-clocks'
        ➜ Explicit dependency on target 'XCTestDynamicOverlay' in project 'xctest-dynamic-overlay'
    Target 'Storage' in project 'Supabase'
        ➜ Explicit dependency on target 'Helpers' in project 'Supabase'
        ➜ Explicit dependency on target 'ConcurrencyExtras' in project 'swift-concurrency-extras'
        ➜ Explicit dependency on target 'HTTPTypes' in project 'swift-http-types'
        ➜ Explicit dependency on target 'Clocks' in project 'swift-clocks'
        ➜ Explicit dependency on target 'XCTestDynamicOverlay' in project 'xctest-dynamic-overlay'
    Target 'Helpers' in project 'Supabase'
        ➜ Explicit dependency on target 'ConcurrencyExtras' in project 'swift-concurrency-extras'
        ➜ Explicit dependency on target 'HTTPTypes' in project 'swift-http-types'
        ➜ Explicit dependency on target 'Clocks' in project 'swift-clocks'
        ➜ Explicit dependency on target 'XCTestDynamicOverlay' in project 'xctest-dynamic-overlay'
    Target 'XCTestDynamicOverlay' in project 'xctest-dynamic-overlay'
        ➜ Explicit dependency on target 'XCTestDynamicOverlay' in project 'xctest-dynamic-overlay'
        ➜ Explicit dependency on target 'IssueReportingPackageSupport' in project 'xctest-dynamic-overlay'
        ➜ Explicit dependency on target 'IssueReporting' in project 'xctest-dynamic-overlay'
    Target 'XCTestDynamicOverlay' in project 'xctest-dynamic-overlay'
        ➜ Explicit dependency on target 'IssueReportingPackageSupport' in project 'xctest-dynamic-overlay'
        ➜ Explicit dependency on target 'IssueReporting' in project 'xctest-dynamic-overlay'
    Target 'Clocks' in project 'swift-clocks'
        ➜ Explicit dependency on target 'Clocks' in project 'swift-clocks'
        ➜ Explicit dependency on target 'ConcurrencyExtras' in project 'swift-concurrency-extras'
        ➜ Explicit dependency on target 'IssueReporting' in project 'xctest-dynamic-overlay'
    Target 'Clocks' in project 'swift-clocks'
        ➜ Explicit dependency on target 'ConcurrencyExtras' in project 'swift-concurrency-extras'
        ➜ Explicit dependency on target 'IssueReporting' in project 'xctest-dynamic-overlay'
    Target 'IssueReporting' in project 'xctest-dynamic-overlay'
        ➜ Explicit dependency on target 'IssueReporting' in project 'xctest-dynamic-overlay'
        ➜ Explicit dependency on target 'IssueReportingPackageSupport' in project 'xctest-dynamic-overlay'
    Target 'IssueReporting' in project 'xctest-dynamic-overlay'
        ➜ Explicit dependency on target 'IssueReportingPackageSupport' in project 'xctest-dynamic-overlay'
    Target 'IssueReportingPackageSupport' in project 'xctest-dynamic-overlay' (no dependencies)
    Target 'HTTPTypes' in project 'swift-http-types'
        ➜ Explicit dependency on target 'HTTPTypes' in project 'swift-http-types'
    Target 'HTTPTypes' in project 'swift-http-types' (no dependencies)
    Target 'ConcurrencyExtras' in project 'swift-concurrency-extras'
        ➜ Explicit dependency on target 'ConcurrencyExtras' in project 'swift-concurrency-extras'
    Target 'ConcurrencyExtras' in project 'swift-concurrency-extras' (no dependencies)
    Target 'GoogleMaps' in project 'GoogleMaps'
        ➜ Explicit dependency on target 'GoogleMapsTarget' in project 'GoogleMaps'
        ➜ Explicit dependency on target 'GoogleMaps_GoogleMapsTarget' in project 'GoogleMaps'
    Target 'GoogleMapsTarget' in project 'GoogleMaps'
        ➜ Explicit dependency on target 'GoogleMaps_GoogleMapsTarget' in project 'GoogleMaps'
    Target 'GoogleMaps_GoogleMapsTarget' in project 'GoogleMaps' (no dependencies)
    Target 'JTAppleCalendar' in project 'JTAppleCalendar'
        ➜ Explicit dependency on target 'JTAppleCalendar' in project 'JTAppleCalendar'
    Target 'JTAppleCalendar' in project 'JTAppleCalendar' (no dependencies)

GatherProvisioningInputs

CreateBuildDescription

ExecuteExternalTool /Applications/Xcode.app/Contents/Developer/Toolchains/XcodeDefault.xctoolchain/usr/bin/swiftc --version

ExecuteExternalTool /Applications/Xcode.app/Contents/Developer/Toolchains/XcodeDefault.xctoolchain/usr/bin/clang -v -E -dM -arch arm64 -isysroot /Applications/Xcode.app/Contents/Developer/Platforms/iPhoneSimulator.platform/Developer/SDKs/iPhoneSimulator26.0.sdk -x objective-c -c /dev/null

ExecuteExternalTool /Applications/Xcode.app/Contents/Developer/Toolchains/XcodeDefault.xctoolchain/usr/bin/clang -v -E -dM -isysroot /Applications/Xcode.app/Contents/Developer/Platforms/iPhoneSimulator.platform/Developer/SDKs/iPhoneSimulator26.0.sdk -x c -c /dev/null

ExecuteExternalTool /Applications/Xcode.app/Contents/Developer/usr/bin/ibtool --version --output-format xml1

ExecuteExternalTool /Applications/Xcode.app/Contents/Developer/usr/bin/actool --print-asset-tag-combinations --output-format xml1 /Users/architkankaria/Desktop/MITWPU_Group_15/Runnr/Assets.xcassets

ExecuteExternalTool /Applications/Xcode.app/Contents/Developer/Toolchains/XcodeDefault.xctoolchain/usr/bin/clang -v -E -dM -arch arm64 -isysroot /Applications/Xcode.app/Contents/Developer/Platforms/iPhoneSimulator.platform/Developer/SDKs/iPhoneSimulator26.0.sdk -x c -c /dev/null

ExecuteExternalTool /Applications/Xcode.app/Contents/Developer/Toolchains/XcodeDefault.xctoolchain/usr/bin/ld -version_details

ReadFileContents /Applications/Xcode.app/Contents/Developer/Toolchains/XcodeDefault.xctoolchain/usr/share/docc/features.json

ExecuteExternalTool /Applications/Xcode.app/Contents/Developer/Toolchains/XcodeDefault.xctoolchain/usr/bin/clang -v -E -dM -arch x86_64 -isysroot /Applications/Xcode.app/Contents/Developer/Platforms/iPhoneSimulator.platform/Developer/SDKs/iPhoneSimulator26.0.sdk -x objective-c -c /dev/null

ExecuteExternalTool /Applications/Xcode.app/Contents/Developer/Toolchains/XcodeDefault.xctoolchain/usr/bin/clang -v -E -dM -arch x86_64 -isysroot /Applications/Xcode.app/Contents/Developer/Platforms/iPhoneSimulator.platform/Developer/SDKs/iPhoneSimulator26.0.sdk -x c -c /dev/null

ExecuteExternalTool /Applications/Xcode.app/Contents/Developer/usr/bin/actool --version --output-format xml1

ExecuteExternalTool /Applications/Xcode.app/Contents/Developer/usr/bin/xcstringstool compile --dry-run --output-directory /Users/architkankaria/Library/Developer/Xcode/DerivedData/Runnr-galjaucsjawmxuhbcfeylsorzgrq/Build/Intermediates.noindex/Runnr.build/Debug-iphonesimulator/Runnr.build /Users/architkankaria/Desktop/MITWPU_Group_15/Runnr/Localizable.xcstrings

Build description signature: 1108863a75dc0f5d76b5faf65247cfe6
Build description path: /Users/architkankaria/Library/Developer/Xcode/DerivedData/Runnr-galjaucsjawmxuhbcfeylsorzgrq/Build/Intermediates.noindex/XCBuildData/1108863a75dc0f5d76b5faf65247cfe6.xcbuilddata
ClangStatCache /Applications/Xcode.app/Contents/Developer/Toolchains/XcodeDefault.xctoolchain/usr/bin/clang-stat-cache /Applications/Xcode.app/Contents/Developer/Platforms/iPhoneSimulator.platform/Developer/SDKs/iPhoneSimulator26.0.sdk /Users/architkankaria/Library/Developer/Xcode/DerivedData/SDKStatCaches.noindex/iphonesimulator26.0-23A339-26257891a6c027eb51374368541b8346.sdkstatcache
    cd /Users/architkankaria/Desktop/MITWPU_Group_15/Runnr.xcodeproj
    /Applications/Xcode.app/Contents/Developer/Toolchains/XcodeDefault.xctoolchain/usr/bin/clang-stat-cache /Applications/Xcode.app/Contents/Developer/Platforms/iPhoneSimulator.platform/Developer/SDKs/iPhoneSimulator26.0.sdk -o /Users/architkankaria/Library/Developer/Xcode/DerivedData/SDKStatCaches.noindex/iphonesimulator26.0-23A339-26257891a6c027eb51374368541b8346.sdkstatcache

ProcessInfoPlistFile /Users/architkankaria/Library/Developer/Xcode/DerivedData/Runnr-galjaucsjawmxuhbcfeylsorzgrq/Build/Products/Debug-iphonesimulator/Kingfisher_Kingfisher.bundle/Info.plist /Users/architkankaria/Library/Developer/Xcode/DerivedData/Runnr-galjaucsjawmxuhbcfeylsorzgrq/Build/Intermediates.noindex/Kingfisher.build/Debug-iphonesimulator/Kingfisher_Kingfisher.build/empty-Kingfisher_Kingfisher.plist (in target 'Kingfisher_Kingfisher' from project 'Kingfisher')
    cd /Users/architkankaria/Library/Developer/Xcode/DerivedData/Runnr-galjaucsjawmxuhbcfeylsorzgrq/SourcePackages/checkouts/Kingfisher
    builtin-infoPlistUtility /Users/architkankaria/Library/Developer/Xcode/DerivedData/Runnr-galjaucsjawmxuhbcfeylsorzgrq/Build/Intermediates.noindex/Kingfisher.build/Debug-iphonesimulator/Kingfisher_Kingfisher.build/empty-Kingfisher_Kingfisher.plist -producttype com.apple.product-type.bundle -expandbuildsettings -format binary -platform iphonesimulator -o /Users/architkankaria/Library/Developer/Xcode/DerivedData/Runnr-galjaucsjawmxuhbcfeylsorzgrq/Build/Products/Debug-iphonesimulator/Kingfisher_Kingfisher.bundle/Info.plist

ProcessInfoPlistFile /Users/architkankaria/Library/Developer/Xcode/DerivedData/Runnr-galjaucsjawmxuhbcfeylsorzgrq/Build/Products/Debug-iphonesimulator/GoogleMaps_GoogleMapsTarget.bundle/Info.plist /Users/architkankaria/Library/Developer/Xcode/DerivedData/Runnr-galjaucsjawmxuhbcfeylsorzgrq/Build/Intermediates.noindex/GoogleMaps.build/Debug-iphonesimulator/GoogleMaps_GoogleMapsTarget.build/empty-GoogleMaps_GoogleMapsTarget.plist (in target 'GoogleMaps_GoogleMapsTarget' from project 'GoogleMaps')
    cd /Users/architkankaria/Library/Developer/Xcode/DerivedData/Runnr-galjaucsjawmxuhbcfeylsorzgrq/SourcePackages/checkouts/ios-maps-sdk
    builtin-infoPlistUtility /Users/architkankaria/Library/Developer/Xcode/DerivedData/Runnr-galjaucsjawmxuhbcfeylsorzgrq/Build/Intermediates.noindex/GoogleMaps.build/Debug-iphonesimulator/GoogleMaps_GoogleMapsTarget.build/empty-GoogleMaps_GoogleMapsTarget.plist -producttype com.apple.product-type.bundle -expandbuildsettings -format binary -platform iphonesimulator -o /Users/architkankaria/Library/Developer/Xcode/DerivedData/Runnr-galjaucsjawmxuhbcfeylsorzgrq/Build/Products/Debug-iphonesimulator/GoogleMaps_GoogleMapsTarget.bundle/Info.plist

ProcessInfoPlistFile /Users/architkankaria/Library/Developer/Xcode/DerivedData/Runnr-galjaucsjawmxuhbcfeylsorzgrq/Build/Products/Debug-iphonesimulator/swift-crypto_Crypto.bundle/Info.plist /Users/architkankaria/Library/Developer/Xcode/DerivedData/Runnr-galjaucsjawmxuhbcfeylsorzgrq/Build/Intermediates.noindex/swift-crypto.build/Debug-iphonesimulator/swift-crypto_Crypto.build/empty-swift-crypto_Crypto.plist (in target 'swift-crypto_Crypto' from project 'swift-crypto')
    cd /Users/architkankaria/Library/Developer/Xcode/DerivedData/Runnr-galjaucsjawmxuhbcfeylsorzgrq/SourcePackages/checkouts/swift-crypto
    builtin-infoPlistUtility /Users/architkankaria/Library/Developer/Xcode/DerivedData/Runnr-galjaucsjawmxuhbcfeylsorzgrq/Build/Intermediates.noindex/swift-crypto.build/Debug-iphonesimulator/swift-crypto_Crypto.build/empty-swift-crypto_Crypto.plist -producttype com.apple.product-type.bundle -expandbuildsettings -format binary -platform iphonesimulator -o /Users/architkankaria/Library/Developer/Xcode/DerivedData/Runnr-galjaucsjawmxuhbcfeylsorzgrq/Build/Products/Debug-iphonesimulator/swift-crypto_Crypto.bundle/Info.plist

SwiftDriver Runnr normal arm64 com.apple.xcode.tools.swift.compiler (in target 'Runnr' from project 'Runnr')
    cd /Users/architkankaria/Desktop/MITWPU_Group_15
    builtin-SwiftDriver -- /Applications/Xcode.app/Contents/Developer/Toolchains/XcodeDefault.xctoolchain/usr/bin/swiftc -module-name Runnr -Onone -enforce-exclusivity\=checked @/Users/architkankaria/Library/Developer/Xcode/DerivedData/Runnr-galjaucsjawmxuhbcfeylsorzgrq/Build/Intermediates.noindex/Runnr.build/Debug-iphonesimulator/Runnr.build/Objects-normal/arm64/Runnr.SwiftFileList -DDEBUG -Xcc -fmodule-map-file\=/Users/architkankaria/Library/Developer/Xcode/DerivedData/Runnr-galjaucsjawmxuhbcfeylsorzgrq/Build/Intermediates.noindex/GeneratedModuleMaps-iphonesimulator/GoogleMapsTarget.modulemap -default-isolation\=MainActor -enable-bare-slash-regex -enable-upcoming-feature DisableOutwardActorInference -enable-upcoming-feature InferSendableFromCaptures -enable-upcoming-feature GlobalActorIsolatedTypesUsability -enable-upcoming-feature MemberImportVisibility -enable-upcoming-feature InferIsolatedConformances -enable-upcoming-feature NonisolatedNonsendingByDefault -enable-experimental-feature DebugDescriptionMacro -sdk /Applications/Xcode.app/Contents/Developer/Platforms/iPhoneSimulator.platform/Developer/SDKs/iPhoneSimulator26.0.sdk -target arm64-apple-ios18.0-simulator -g -module-cache-path /Users/architkankaria/Library/Developer/Xcode/DerivedData/ModuleCache.noindex -Xfrontend -serialize-debugging-options -enable-testing -index-store-path /Users/architkankaria/Library/Developer/Xcode/DerivedData/Runnr-galjaucsjawmxuhbcfeylsorzgrq/Index.noindex/DataStore -Xcc -D_LIBCPP_HARDENING_MODE\=_LIBCPP_HARDENING_MODE_DEBUG -swift-version 5 -I /Users/architkankaria/Library/Developer/Xcode/DerivedData/Runnr-galjaucsjawmxuhbcfeylsorzgrq/Build/Products/Debug-iphonesimulator -F /Users/architkankaria/Library/Developer/Xcode/DerivedData/Runnr-galjaucsjawmxuhbcfeylsorzgrq/Build/Products/Debug-iphonesimulator/PackageFrameworks -F /Users/architkankaria/Library/Developer/Xcode/DerivedData/Runnr-galjaucsjawmxuhbcfeylsorzgrq/Build/Products/Debug-iphonesimulator/PackageFrameworks -F /Users/architkankaria/Library/Developer/Xcode/DerivedData/Runnr-galjaucsjawmxuhbcfeylsorzgrq/Build/Products/Debug-iphonesimulator/PackageFrameworks -F /Users/architkankaria/Library/Developer/Xcode/DerivedData/Runnr-galjaucsjawmxuhbcfeylsorzgrq/Build/Products/Debug-iphonesimulator/PackageFrameworks -F /Users/architkankaria/Library/Developer/Xcode/DerivedData/Runnr-galjaucsjawmxuhbcfeylsorzgrq/Build/Products/Debug-iphonesimulator/PackageFrameworks -F /Users/architkankaria/Library/Developer/Xcode/DerivedData/Runnr-galjaucsjawmxuhbcfeylsorzgrq/Build/Products/Debug-iphonesimulator/PackageFrameworks -F /Users/architkankaria/Library/Developer/Xcode/DerivedData/Runnr-galjaucsjawmxuhbcfeylsorzgrq/Build/Products/Debug-iphonesimulator/PackageFrameworks -F /Users/architkankaria/Library/Developer/Xcode/DerivedData/Runnr-galjaucsjawmxuhbcfeylsorzgrq/Build/Products/Debug-iphonesimulator/PackageFrameworks -F /Users/architkankaria/Library/Developer/Xcode/DerivedData/Runnr-galjaucsjawmxuhbcfeylsorzgrq/Build/Products/Debug-iphonesimulator/PackageFrameworks -F /Users/architkankaria/Library/Developer/Xcode/DerivedData/Runnr-galjaucsjawmxuhbcfeylsorzgrq/Build/Products/Debug-iphonesimulator/PackageFrameworks -F /Users/architkankaria/Library/Developer/Xcode/DerivedData/Runnr-galjaucsjawmxuhbcfeylsorzgrq/Build/Products/Debug-iphonesimulator/PackageFrameworks -F /Users/architkankaria/Library/Developer/Xcode/DerivedData/Runnr-galjaucsjawmxuhbcfeylsorzgrq/Build/Products/Debug-iphonesimulator/PackageFrameworks -F /Users/architkankaria/Library/Developer/Xcode/DerivedData/Runnr-galjaucsjawmxuhbcfeylsorzgrq/Build/Products/Debug-iphonesimulator/PackageFrameworks -F /Users/architkankaria/Library/Developer/Xcode/DerivedData/Runnr-galjaucsjawmxuhbcfeylsorzgrq/Build/Products/Debug-iphonesimulator/PackageFrameworks -F /Users/architkankaria/Library/Developer/Xcode/DerivedData/Runnr-galjaucsjawmxuhbcfeylsorzgrq/Build/Products/Debug-iphonesimulator/PackageFrameworks -F /Users/architkankaria/Library/Developer/Xcode/DerivedData/Runnr-galjaucsjawmxuhbcfeylsorzgrq/Build/Products/Debug-iphonesimulator/PackageFrameworks -F /Users/architkankaria/Library/Developer/Xcode/DerivedData/Runnr-galjaucsjawmxuhbcfeylsorzgrq/Build/Products/Debug-iphonesimulator/PackageFrameworks -F /Users/architkankaria/Library/Developer/Xcode/DerivedData/Runnr-galjaucsjawmxuhbcfeylsorzgrq/Build/Products/Debug-iphonesimulator/PackageFrameworks -F /Users/architkankaria/Library/Developer/Xcode/DerivedData/Runnr-galjaucsjawmxuhbcfeylsorzgrq/Build/Products/Debug-iphonesimulator/PackageFrameworks -F /Users/architkankaria/Library/Developer/Xcode/DerivedData/Runnr-galjaucsjawmxuhbcfeylsorzgrq/Build/Products/Debug-iphonesimulator -emit-localized-strings -emit-localized-strings-path /Users/architkankaria/Library/Developer/Xcode/DerivedData/Runnr-galjaucsjawmxuhbcfeylsorzgrq/Build/Intermediates.noindex/Runnr.build/Debug-iphonesimulator/Runnr.build/Objects-normal/arm64 -c -j10 -enable-batch-mode -incremental -Xcc -ivfsstatcache -Xcc /Users/architkankaria/Library/Developer/Xcode/DerivedData/SDKStatCaches.noindex/iphonesimulator26.0-23A339-26257891a6c027eb51374368541b8346.sdkstatcache -output-file-map /Users/architkankaria/Library/Developer/Xcode/DerivedData/Runnr-galjaucsjawmxuhbcfeylsorzgrq/Build/Intermediates.noindex/Runnr.build/Debug-iphonesimulator/Runnr.build/Objects-normal/arm64/Runnr-OutputFileMap.json -use-frontend-parseable-output -save-temps -no-color-diagnostics -explicit-module-build -module-cache-path /Users/architkankaria/Library/Developer/Xcode/DerivedData/Runnr-galjaucsjawmxuhbcfeylsorzgrq/Build/Intermediates.noindex/SwiftExplicitPrecompiledModules -clang-scanner-module-cache-path /Users/architkankaria/Library/Developer/Xcode/DerivedData/ModuleCache.noindex -sdk-module-cache-path /Users/architkankaria/Library/Developer/Xcode/DerivedData/ModuleCache.noindex -serialize-diagnostics -emit-dependencies -emit-module -emit-module-path /Users/architkankaria/Library/Developer/Xcode/DerivedData/Runnr-galjaucsjawmxuhbcfeylsorzgrq/Build/Intermediates.noindex/Runnr.build/Debug-iphonesimulator/Runnr.build/Objects-normal/arm64/Runnr.swiftmodule -validate-clang-modules-once -clang-build-session-file /Users/architkankaria/Library/Developer/Xcode/DerivedData/ModuleCache.noindex/Session.modulevalidation -Xcc -I/Users/architkankaria/Library/Developer/Xcode/DerivedData/Runnr-galjaucsjawmxuhbcfeylsorzgrq/Build/Intermediates.noindex/Runnr.build/Debug-iphonesimulator/Runnr.build/swift-overrides.hmap -emit-const-values -Xfrontend -const-gather-protocols-file -Xfrontend /Users/architkankaria/Library/Developer/Xcode/DerivedData/Runnr-galjaucsjawmxuhbcfeylsorzgrq/Build/Intermediates.noindex/Runnr.build/Debug-iphonesimulator/Runnr.build/Objects-normal/arm64/Runnr_const_extract_protocols.json -Xcc -iquote -Xcc /Users/architkankaria/Library/Developer/Xcode/DerivedData/Runnr-galjaucsjawmxuhbcfeylsorzgrq/Build/Intermediates.noindex/Runnr.build/Debug-iphonesimulator/Runnr.build/Runnr-generated-files.hmap -Xcc -I/Users/architkankaria/Library/Developer/Xcode/DerivedData/Runnr-galjaucsjawmxuhbcfeylsorzgrq/Build/Intermediates.noindex/Runnr.build/Debug-iphonesimulator/Runnr.build/Runnr-own-target-headers.hmap -Xcc -I/Users/architkankaria/Library/Developer/Xcode/DerivedData/Runnr-galjaucsjawmxuhbcfeylsorzgrq/Build/Intermediates.noindex/Runnr.build/Debug-iphonesimulator/Runnr.build/Runnr-all-non-framework-target-headers.hmap -Xcc -ivfsoverlay -Xcc /Users/architkankaria/Library/Developer/Xcode/DerivedData/Runnr-galjaucsjawmxuhbcfeylsorzgrq/Build/Intermediates.noindex/Runnr.build/Debug-iphonesimulator/Runnr-2fb206ff53775a5a2446de00398a0046-VFS-iphonesimulator/all-product-headers.yaml -Xcc -iquote -Xcc /Users/architkankaria/Library/Developer/Xcode/DerivedData/Runnr-galjaucsjawmxuhbcfeylsorzgrq/Build/Intermediates.noindex/Runnr.build/Debug-iphonesimulator/Runnr.build/Runnr-project-headers.hmap -Xcc -I/Users/architkankaria/Library/Developer/Xcode/DerivedData/Runnr-galjaucsjawmxuhbcfeylsorzgrq/SourcePackages/checkouts/ios-maps-sdk/Maps/Sources -Xcc -I/Users/architkankaria/Library/Developer/Xcode/DerivedData/Runnr-galjaucsjawmxuhbcfeylsorzgrq/Build/Products/Debug-iphonesimulator/include -Xcc -I/Users/architkankaria/Library/Developer/Xcode/DerivedData/Runnr-galjaucsjawmxuhbcfeylsorzgrq/Build/Intermediates.noindex/Runnr.build/Debug-iphonesimulator/Runnr.build/DerivedSources-normal/arm64 -Xcc -I/Users/architkankaria/Library/Developer/Xcode/DerivedData/Runnr-galjaucsjawmxuhbcfeylsorzgrq/Build/Intermediates.noindex/Runnr.build/Debug-iphonesimulator/Runnr.build/DerivedSources/arm64 -Xcc -I/Users/architkankaria/Library/Developer/Xcode/DerivedData/Runnr-galjaucsjawmxuhbcfeylsorzgrq/Build/Intermediates.noindex/Runnr.build/Debug-iphonesimulator/Runnr.build/DerivedSources -Xcc -DDEBUG\=1 -emit-objc-header -emit-objc-header-path /Users/architkankaria/Library/Developer/Xcode/DerivedData/Runnr-galjaucsjawmxuhbcfeylsorzgrq/Build/Intermediates.noindex/Runnr.build/Debug-iphonesimulator/Runnr.build/Objects-normal/arm64/Runnr-Swift.h -working-directory /Users/architkankaria/Desktop/MITWPU_Group_15 -experimental-emit-module-separately -disable-cmo

SwiftDriver Runnr normal x86_64 com.apple.xcode.tools.swift.compiler (in target 'Runnr' from project 'Runnr')
    cd /Users/architkankaria/Desktop/MITWPU_Group_15
    builtin-SwiftDriver -- /Applications/Xcode.app/Contents/Developer/Toolchains/XcodeDefault.xctoolchain/usr/bin/swiftc -module-name Runnr -Onone -enforce-exclusivity\=checked @/Users/architkankaria/Library/Developer/Xcode/DerivedData/Runnr-galjaucsjawmxuhbcfeylsorzgrq/Build/Intermediates.noindex/Runnr.build/Debug-iphonesimulator/Runnr.build/Objects-normal/x86_64/Runnr.SwiftFileList -DDEBUG -Xcc -fmodule-map-file\=/Users/architkankaria/Library/Developer/Xcode/DerivedData/Runnr-galjaucsjawmxuhbcfeylsorzgrq/Build/Intermediates.noindex/GeneratedModuleMaps-iphonesimulator/GoogleMapsTarget.modulemap -default-isolation\=MainActor -enable-bare-slash-regex -enable-upcoming-feature DisableOutwardActorInference -enable-upcoming-feature InferSendableFromCaptures -enable-upcoming-feature GlobalActorIsolatedTypesUsability -enable-upcoming-feature MemberImportVisibility -enable-upcoming-feature InferIsolatedConformances -enable-upcoming-feature NonisolatedNonsendingByDefault -enable-experimental-feature DebugDescriptionMacro -sdk /Applications/Xcode.app/Contents/Developer/Platforms/iPhoneSimulator.platform/Developer/SDKs/iPhoneSimulator26.0.sdk -target x86_64-apple-ios18.0-simulator -g -module-cache-path /Users/architkankaria/Library/Developer/Xcode/DerivedData/ModuleCache.noindex -Xfrontend -serialize-debugging-options -enable-testing -index-store-path /Users/architkankaria/Library/Developer/Xcode/DerivedData/Runnr-galjaucsjawmxuhbcfeylsorzgrq/Index.noindex/DataStore -Xcc -D_LIBCPP_HARDENING_MODE\=_LIBCPP_HARDENING_MODE_DEBUG -swift-version 5 -I /Users/architkankaria/Library/Developer/Xcode/DerivedData/Runnr-galjaucsjawmxuhbcfeylsorzgrq/Build/Products/Debug-iphonesimulator -F /Users/architkankaria/Library/Developer/Xcode/DerivedData/Runnr-galjaucsjawmxuhbcfeylsorzgrq/Build/Products/Debug-iphonesimulator/PackageFrameworks -F /Users/architkankaria/Library/Developer/Xcode/DerivedData/Runnr-galjaucsjawmxuhbcfeylsorzgrq/Build/Products/Debug-iphonesimulator/PackageFrameworks -F /Users/architkankaria/Library/Developer/Xcode/DerivedData/Runnr-galjaucsjawmxuhbcfeylsorzgrq/Build/Products/Debug-iphonesimulator/PackageFrameworks -F /Users/architkankaria/Library/Developer/Xcode/DerivedData/Runnr-galjaucsjawmxuhbcfeylsorzgrq/Build/Products/Debug-iphonesimulator/PackageFrameworks -F /Users/architkankaria/Library/Developer/Xcode/DerivedData/Runnr-galjaucsjawmxuhbcfeylsorzgrq/Build/Products/Debug-iphonesimulator/PackageFrameworks -F /Users/architkankaria/Library/Developer/Xcode/DerivedData/Runnr-galjaucsjawmxuhbcfeylsorzgrq/Build/Products/Debug-iphonesimulator/PackageFrameworks -F /Users/architkankaria/Library/Developer/Xcode/DerivedData/Runnr-galjaucsjawmxuhbcfeylsorzgrq/Build/Products/Debug-iphonesimulator/PackageFrameworks -F /Users/architkankaria/Library/Developer/Xcode/DerivedData/Runnr-galjaucsjawmxuhbcfeylsorzgrq/Build/Products/Debug-iphonesimulator/PackageFrameworks -F /Users/architkankaria/Library/Developer/Xcode/DerivedData/Runnr-galjaucsjawmxuhbcfeylsorzgrq/Build/Products/Debug-iphonesimulator/PackageFrameworks -F /Users/architkankaria/Library/Developer/Xcode/DerivedData/Runnr-galjaucsjawmxuhbcfeylsorzgrq/Build/Products/Debug-iphonesimulator/PackageFrameworks -F /Users/architkankaria/Library/Developer/Xcode/DerivedData/Runnr-galjaucsjawmxuhbcfeylsorzgrq/Build/Products/Debug-iphonesimulator/PackageFrameworks -F /Users/architkankaria/Library/Developer/Xcode/DerivedData/Runnr-galjaucsjawmxuhbcfeylsorzgrq/Build/Products/Debug-iphonesimulator/PackageFrameworks -F /Users/architkankaria/Library/Developer/Xcode/DerivedData/Runnr-galjaucsjawmxuhbcfeylsorzgrq/Build/Products/Debug-iphonesimulator/PackageFrameworks -F /Users/architkankaria/Library/Developer/Xcode/DerivedData/Runnr-galjaucsjawmxuhbcfeylsorzgrq/Build/Products/Debug-iphonesimulator/PackageFrameworks -F /Users/architkankaria/Library/Developer/Xcode/DerivedData/Runnr-galjaucsjawmxuhbcfeylsorzgrq/Build/Products/Debug-iphonesimulator/PackageFrameworks -F /Users/architkankaria/Library/Developer/Xcode/DerivedData/Runnr-galjaucsjawmxuhbcfeylsorzgrq/Build/Products/Debug-iphonesimulator/PackageFrameworks -F /Users/architkankaria/Library/Developer/Xcode/DerivedData/Runnr-galjaucsjawmxuhbcfeylsorzgrq/Build/Products/Debug-iphonesimulator/PackageFrameworks -F /Users/architkankaria/Library/Developer/Xcode/DerivedData/Runnr-galjaucsjawmxuhbcfeylsorzgrq/Build/Products/Debug-iphonesimulator/PackageFrameworks -F /Users/architkankaria/Library/Developer/Xcode/DerivedData/Runnr-galjaucsjawmxuhbcfeylsorzgrq/Build/Products/Debug-iphonesimulator/PackageFrameworks -F /Users/architkankaria/Library/Developer/Xcode/DerivedData/Runnr-galjaucsjawmxuhbcfeylsorzgrq/Build/Products/Debug-iphonesimulator -emit-localized-strings -emit-localized-strings-path /Users/architkankaria/Library/Developer/Xcode/DerivedData/Runnr-galjaucsjawmxuhbcfeylsorzgrq/Build/Intermediates.noindex/Runnr.build/Debug-iphonesimulator/Runnr.build/Objects-normal/x86_64 -c -j10 -enable-batch-mode -incremental -Xcc -ivfsstatcache -Xcc /Users/architkankaria/Library/Developer/Xcode/DerivedData/SDKStatCaches.noindex/iphonesimulator26.0-23A339-26257891a6c027eb51374368541b8346.sdkstatcache -output-file-map /Users/architkankaria/Library/Developer/Xcode/DerivedData/Runnr-galjaucsjawmxuhbcfeylsorzgrq/Build/Intermediates.noindex/Runnr.build/Debug-iphonesimulator/Runnr.build/Objects-normal/x86_64/Runnr-OutputFileMap.json -use-frontend-parseable-output -save-temps -no-color-diagnostics -explicit-module-build -module-cache-path /Users/architkankaria/Library/Developer/Xcode/DerivedData/Runnr-galjaucsjawmxuhbcfeylsorzgrq/Build/Intermediates.noindex/SwiftExplicitPrecompiledModules -clang-scanner-module-cache-path /Users/architkankaria/Library/Developer/Xcode/DerivedData/ModuleCache.noindex -sdk-module-cache-path /Users/architkankaria/Library/Developer/Xcode/DerivedData/ModuleCache.noindex -serialize-diagnostics -emit-dependencies -emit-module -emit-module-path /Users/architkankaria/Library/Developer/Xcode/DerivedData/Runnr-galjaucsjawmxuhbcfeylsorzgrq/Build/Intermediates.noindex/Runnr.build/Debug-iphonesimulator/Runnr.build/Objects-normal/x86_64/Runnr.swiftmodule -validate-clang-modules-once -clang-build-session-file /Users/architkankaria/Library/Developer/Xcode/DerivedData/ModuleCache.noindex/Session.modulevalidation -Xcc -I/Users/architkankaria/Library/Developer/Xcode/DerivedData/Runnr-galjaucsjawmxuhbcfeylsorzgrq/Build/Intermediates.noindex/Runnr.build/Debug-iphonesimulator/Runnr.build/swift-overrides.hmap -emit-const-values -Xfrontend -const-gather-protocols-file -Xfrontend /Users/architkankaria/Library/Developer/Xcode/DerivedData/Runnr-galjaucsjawmxuhbcfeylsorzgrq/Build/Intermediates.noindex/Runnr.build/Debug-iphonesimulator/Runnr.build/Objects-normal/x86_64/Runnr_const_extract_protocols.json -Xcc -iquote -Xcc /Users/architkankaria/Library/Developer/Xcode/DerivedData/Runnr-galjaucsjawmxuhbcfeylsorzgrq/Build/Intermediates.noindex/Runnr.build/Debug-iphonesimulator/Runnr.build/Runnr-generated-files.hmap -Xcc -I/Users/architkankaria/Library/Developer/Xcode/DerivedData/Runnr-galjaucsjawmxuhbcfeylsorzgrq/Build/Intermediates.noindex/Runnr.build/Debug-iphonesimulator/Runnr.build/Runnr-own-target-headers.hmap -Xcc -I/Users/architkankaria/Library/Developer/Xcode/DerivedData/Runnr-galjaucsjawmxuhbcfeylsorzgrq/Build/Intermediates.noindex/Runnr.build/Debug-iphonesimulator/Runnr.build/Runnr-all-non-framework-target-headers.hmap -Xcc -ivfsoverlay -Xcc /Users/architkankaria/Library/Developer/Xcode/DerivedData/Runnr-galjaucsjawmxuhbcfeylsorzgrq/Build/Intermediates.noindex/Runnr.build/Debug-iphonesimulator/Runnr-2fb206ff53775a5a2446de00398a0046-VFS-iphonesimulator/all-product-headers.yaml -Xcc -iquote -Xcc /Users/architkankaria/Library/Developer/Xcode/DerivedData/Runnr-galjaucsjawmxuhbcfeylsorzgrq/Build/Intermediates.noindex/Runnr.build/Debug-iphonesimulator/Runnr.build/Runnr-project-headers.hmap -Xcc -I/Users/architkankaria/Library/Developer/Xcode/DerivedData/Runnr-galjaucsjawmxuhbcfeylsorzgrq/SourcePackages/checkouts/ios-maps-sdk/Maps/Sources -Xcc -I/Users/architkankaria/Library/Developer/Xcode/DerivedData/Runnr-galjaucsjawmxuhbcfeylsorzgrq/Build/Products/Debug-iphonesimulator/include -Xcc -I/Users/architkankaria/Library/Developer/Xcode/DerivedData/Runnr-galjaucsjawmxuhbcfeylsorzgrq/Build/Intermediates.noindex/Runnr.build/Debug-iphonesimulator/Runnr.build/DerivedSources-normal/x86_64 -Xcc -I/Users/architkankaria/Library/Developer/Xcode/DerivedData/Runnr-galjaucsjawmxuhbcfeylsorzgrq/Build/Intermediates.noindex/Runnr.build/Debug-iphonesimulator/Runnr.build/DerivedSources/x86_64 -Xcc -I/Users/architkankaria/Library/Developer/Xcode/DerivedData/Runnr-galjaucsjawmxuhbcfeylsorzgrq/Build/Intermediates.noindex/Runnr.build/Debug-iphonesimulator/Runnr.build/DerivedSources -Xcc -DDEBUG\=1 -emit-objc-header -emit-objc-header-path /Users/architkankaria/Library/Developer/Xcode/DerivedData/Runnr-galjaucsjawmxuhbcfeylsorzgrq/Build/Intermediates.noindex/Runnr.build/Debug-iphonesimulator/Runnr.build/Objects-normal/x86_64/Runnr-Swift.h -working-directory /Users/architkankaria/Desktop/MITWPU_Group_15 -experimental-emit-module-separately -disable-cmo

SwiftCompile normal arm64 Compiling\ ActivityLiveTrackingViewController.swift /Users/architkankaria/Desktop/MITWPU_Group_15/Runnr/Track\ Screen/ActivityLiveTrackingViewController.swift (in target 'Runnr' from project 'Runnr')

SwiftCompile normal arm64 /Users/architkankaria/Desktop/MITWPU_Group_15/Runnr/Track\ Screen/ActivityLiveTrackingViewController.swift (in target 'Runnr' from project 'Runnr')
    cd /Users/architkankaria/Desktop/MITWPU_Group_15
    

SwiftCompile normal arm64 Compiling\ SwiftUIGraph.swift /Users/architkankaria/Desktop/MITWPU_Group_15/Runnr/Insights\ Screen/SwiftUIGraph.swift (in target 'Runnr' from project 'Runnr')
SwiftCompile normal arm64 /Users/architkankaria/Desktop/MITWPU_Group_15/Runnr/Insights\ Screen/SwiftUIGraph.swift (in target 'Runnr' from project 'Runnr')
    cd /Users/architkankaria/Desktop/MITWPU_Group_15
    
/Users/architkankaria/Desktop/MITWPU_Group_15/Runnr/Insights Screen/SwiftUIGraph.swift:108:56: error: value of optional type 'Anchor<CGRect>?' must be unwrapped to a value of type 'Anchor<CGRect>'
                                        geometry[proxy.plotFrame].origin.x
                                                       ^
/Users/architkankaria/Desktop/MITWPU_Group_15/Runnr/Insights Screen/SwiftUIGraph.swift:108:56: note: coalesce using '??' to provide a default when the optional value contains 'nil'
                                        geometry[proxy.plotFrame].origin.x
                                                       ^
                                                                 ?? <#default value#>
/Users/architkankaria/Desktop/MITWPU_Group_15/Runnr/Insights Screen/SwiftUIGraph.swift:108:56: note: force-unwrap using '!' to abort execution if the optional value contains 'nil'
                                        geometry[proxy.plotFrame].origin.x
                                                       ^
                                                                !

Failed frontend command:
/Applications/Xcode.app/Contents/Developer/Toolchains/XcodeDefault.xctoolchain/usr/bin/swift-frontend -frontend -c /Users/architkankaria/Desktop/MITWPU_Group_15/Runnr/Activity\ Screen/ActivityScreenViewController.swift /Users/architkankaria/Desktop/MITWPU_Group_15/Runnr/Activity\ Screen/AllActivitiesViewController.swift /Users/architkankaria/Desktop/MITWPU_Group_15/Runnr/Activity\ Screen/CalendarViewController.swift /Users/architkankaria/Desktop/MITWPU_Group_15/Runnr/Activity\ Screen/FriendsActivityTableViewCell.swift /Users/architkankaria/Desktop/MITWPU_Group_15/Runnr/Activity\ Screen/FriendsPhotosCollectionViewCell.swift /Users/architkankaria/Desktop/MITWPU_Group_15/Runnr/Activity\ Screen/MyActivityTableViewCell.swift /Users/architkankaria/Desktop/MITWPU_Group_15/Runnr/Club\ Screen/ClubScreenCells/ClubDescriptionCollectionViewCell.swift /Users/architkankaria/Desktop/MITWPU_Group_15/Runnr/Club\ Screen/ClubScreenCells/ClubLeaderboardTableViewCell.swift /Users/architkankaria/Desktop/MITWPU_Group_15/Runnr/Club\ Screen/ClubScreenCells/ClubProfileCollectionViewCell.swift /Users/architkankaria/Desktop/MITWPU_Group_15/Runnr/Club\ Screen/ClubScreenCells/ExploreScreenCollectionViewCell.swift /Users/architkankaria/Desktop/MITWPU_Group_15/Runnr/Club\ Screen/ClubScreenCells/FriendListTableViewCell.swift /Users/architkankaria/Desktop/MITWPU_Group_15/Runnr/Club\ Screen/ClubScreenCells/JoinedClubsCollectionViewCell.swift /Users/architkankaria/Desktop/MITWPU_Group_15/Runnr/Club\ Screen/ClubScreenCells/LeaderboardListTableViewCell.swift /Users/architkankaria/Desktop/MITWPU_Group_15/Runnr/Club\ Screen/ClubScreenCells/PostCollectionViewCell.swift /Users/architkankaria/Desktop/MITWPU_Group_15/Runnr/Club\ Screen/ClubScreenCells/SelectActivityCollectionViewCell.swift /Users/architkankaria/Desktop/MITWPU_Group_15/Runnr/Club\ Screen/ClubProfileViewController.swift /Users/architkankaria/Desktop/MITWPU_Group_15/Runnr/Club\ Screen/ClubScreenViewController.swift /Users/architkankaria/Desktop/MITWPU_Group_15/Runnr/Club\ Screen/ClubSettingsViewController.swift /Users/architkankaria/Desktop/MITWPU_Group_15/Runnr/Club\ Screen/CreateClubViewController.swift /Users/architkankaria/Desktop/MITWPU_Group_15/Runnr/Club\ Screen/CreatePostViewController.swift /Users/architkankaria/Desktop/MITWPU_Group_15/Runnr/Club\ Screen/CreateRunEventViewController.swift /Users/architkankaria/Desktop/MITWPU_Group_15/Runnr/Club\ Screen/EventCollectionViewCell.swift /Users/architkankaria/Desktop/MITWPU_Group_15/Runnr/Club\ Screen/LeaderBoardViewController.swift /Users/architkankaria/Desktop/MITWPU_Group_15/Runnr/Club\ Screen/PostViewDetailViewController.swift /Users/architkankaria/Desktop/MITWPU_Group_15/Runnr/Game\ Screen/BattleRunViewController.swift /Users/architkankaria/Desktop/MITWPU_Group_15/Runnr/Game\ Screen/DualProgressBarView.swift /Users/architkankaria/Desktop/MITWPU_Group_15/Runnr/Game\ Screen/DuelChallengeCollectionViewCell.swift /Users/architkankaria/Desktop/MITWPU_Group_15/Runnr/Game\ Screen/GameDescriptionViewController.swift /Users/architkankaria/Desktop/MITWPU_Group_15/Runnr/Game\ Screen/GameScreenViewController.swift /Users/architkankaria/Desktop/MITWPU_Group_15/Runnr/Game\ Screen/GameSectionHeaderView.swift /Users/architkankaria/Desktop/MITWPU_Group_15/Runnr/Game\ Screen/InviteFriendViewController.swift /Users/architkankaria/Desktop/MITWPU_Group_15/Runnr/Game\ Screen/SeasonalGameCollectionViewCell.swift /Users/architkankaria/Desktop/MITWPU_Group_15/Runnr/Game\ Screen/SoloChallengeCollectionViewCell.swift /Users/architkankaria/Desktop/MITWPU_Group_15/Runnr/Insights\ Screen/CaloriesViewController.swift /Users/architkankaria/Desktop/MITWPU_Group_15/Runnr/Insights\ Screen/DistanceViewController.swift /Users/architkankaria/Desktop/MITWPU_Group_15/Runnr/Insights\ Screen/InsightsScreenCollectionViewCell.swift /Users/architkankaria/Desktop/MITWPU_Group_15/Runnr/Insights\ Screen/InsightsScreenViewController.swift /Users/architkankaria/Desktop/MITWPU_Group_15/Runnr/Insights\ Screen/PaceViewController.swift /Users/architkankaria/Desktop/MITWPU_Group_15/Runnr/Insights\ Screen/StepsViewController.swift -primary-file /Users/architkankaria/Desktop/MITWPU_Group_15/Runnr/Insights\ Screen/SwiftUIGraph.swift /Users/architkankaria/Desktop/MITWPU_Group_15/Runnr/Insights\ Screen/TrendsCollectionViewCell.swift /Users/architkankaria/Desktop/MITWPU_Group_15/Runnr/Manager\ FIles/GraphManager.swift /Users/architkankaria/Desktop/MITWPU_Group_15/Runnr/Manager\ FIles/HealthKitManager.swift /Users/architkankaria/Desktop/MITWPU_Group_15/Runnr/Manager\ FIles/MapManager.swift /Users/architkankaria/Desktop/MITWPU_Group_15/Runnr/Manager\ FIles/SupabaseManager.swift /Users/architkankaria/Desktop/MITWPU_Group_15/Runnr/Manager\ FIles/UserActivityManager.swift /Users/architkankaria/Desktop/MITWPU_Group_15/Runnr/Manager\ FIles/UserLocationManager.swift /Users/architkankaria/Desktop/MITWPU_Group_15/Runnr/ModelFiles/ActivityModelFile.swift /Users/architkankaria/Desktop/MITWPU_Group_15/Runnr/ModelFiles/ClubModelFile.swift /Users/architkankaria/Desktop/MITWPU_Group_15/Runnr/ModelFiles/DataSource.swift /Users/architkankaria/Desktop/MITWPU_Group_15/Runnr/ModelFiles/Enum.swift /Users/architkankaria/Desktop/MITWPU_Group_15/Runnr/ModelFiles/GameModelFile.swift /Users/architkankaria/Desktop/MITWPU_Group_15/Runnr/ModelFiles/InsightsModelFile.swift /Users/architkankaria/Desktop/MITWPU_Group_15/Runnr/ModelFiles/LocalActivityStorage.swift /Users/architkankaria/Desktop/MITWPU_Group_15/Runnr/ModelFiles/UserProfileModel.swift /Users/architkankaria/Desktop/MITWPU_Group_15/Runnr/OnBoarding/IntroductionViewController.swift /Users/architkankaria/Desktop/MITWPU_Group_15/Runnr/OnBoarding/JoinUsViewController.swift /Users/architkankaria/Desktop/MITWPU_Group_15/Runnr/OnBoarding/LoginViewController.swift /Users/architkankaria/Desktop/MITWPU_Group_15/Runnr/OnBoarding/SetProfileViewController.swift /Users/architkankaria/Desktop/MITWPU_Group_15/Runnr/Settings/ConnectDeviceViewController.swift /Users/architkankaria/Desktop/MITWPU_Group_15/Runnr/Settings/PointsViewController.swift /Users/architkankaria/Desktop/MITWPU_Group_15/Runnr/Settings/PrivacyControlsViewController.swift /Users/architkankaria/Desktop/MITWPU_Group_15/Runnr/Settings/SettingsTableViewCell.swift /Users/architkankaria/Desktop/MITWPU_Group_15/Runnr/Settings/SettingsViewController.swift /Users/architkankaria/Desktop/MITWPU_Group_15/Runnr/Track\ Screen/ActivityAnalysisViewController.swift /Users/architkankaria/Desktop/MITWPU_Group_15/Runnr/Track\ Screen/ActivityLiveTrackingViewController.swift /Users/architkankaria/Desktop/MITWPU_Group_15/Runnr/Track\ Screen/ActivitySaveViewController.swift /Users/architkankaria/Desktop/MITWPU_Group_15/Runnr/Track\ Screen/ActivitySetGoalViewController.swift /Users/architkankaria/Desktop/MITWPU_Group_15/Runnr/Track\ Screen/ActivityStartViewController.swift /Users/architkankaria/Desktop/MITWPU_Group_15/Runnr/Track\ Screen/ActivitySummaryViewController.swift /Users/architkankaria/Desktop/MITWPU_Group_15/Runnr/Track\ Screen/AddPhotosCollectionViewCell.swift /Users/architkankaria/Desktop/MITWPU_Group_15/Runnr/UserProfile/BadgeCollectionViewCell.swift /Users/architkankaria/Desktop/MITWPU_Group_15/Runnr/UserProfile/BestActivitiesCollectionViewCell.swift /Users/architkankaria/Desktop/MITWPU_Group_15/Runnr/UserProfile/EditProfileViewController.swift /Users/architkankaria/Desktop/MITWPU_Group_15/Runnr/UserProfile/FriendListViewController.swift /Users/architkankaria/Desktop/MITWPU_Group_15/Runnr/UserProfile/LottieLoaderView.swift /Users/architkankaria/Desktop/MITWPU_Group_15/Runnr/UserProfile/NotificationChallengeTableViewCell.swift /Users/architkankaria/Desktop/MITWPU_Group_15/Runnr/UserProfile/NotificationClubEventTableViewCell.swift /Users/architkankaria/Desktop/MITWPU_Group_15/Runnr/UserProfile/NotificationFollowTableViewCell.swift /Users/architkankaria/Desktop/MITWPU_Group_15/Runnr/UserProfile/NotificationViewController.swift /Users/architkankaria/Desktop/MITWPU_Group_15/Runnr/UserProfile/SectionHeaderView.swift /Users/architkankaria/Desktop/MITWPU_Group_15/Runnr/UserProfile/UserProfileViewController.swift /Users/architkankaria/Desktop/MITWPU_Group_15/Runnr/AppDelegate.swift /Users/architkankaria/Desktop/MITWPU_Group_15/Runnr/CommonFunctions.swift /Users/architkankaria/Desktop/MITWPU_Group_15/Runnr/Queries.swift /Users/architkankaria/Desktop/MITWPU_Group_15/Runnr/SceneDelegate.swift /Users/architkankaria/Desktop/MITWPU_Group_15/Runnr/ViewController.swift /Users/architkankaria/Library/Developer/Xcode/DerivedData/Runnr-galjaucsjawmxuhbcfeylsorzgrq/Build/Intermediates.noindex/Runnr.build/Debug-iphonesimulator/Runnr.build/DerivedSources/GeneratedAssetSymbols.swift /Users/architkankaria/Library/Developer/Xcode/DerivedData/Runnr-galjaucsjawmxuhbcfeylsorzgrq/Build/Intermediates.noindex/Runnr.build/Debug-iphonesimulator/Runnr.build/DerivedSources/GeneratedStringSymbols_Localizable.swift -emit-dependencies-path /Users/architkankaria/Library/Developer/Xcode/DerivedData/Runnr-galjaucsjawmxuhbcfeylsorzgrq/Build/Intermediates.noindex/Runnr.build/Debug-iphonesimulator/Runnr.build/Objects-normal/arm64/SwiftUIGraph.d -emit-const-values-path /Users/architkankaria/Library/Developer/Xcode/DerivedData/Runnr-galjaucsjawmxuhbcfeylsorzgrq/Build/Intermediates.noindex/Runnr.build/Debug-iphonesimulator/Runnr.build/Objects-normal/arm64/SwiftUIGraph.swiftconstvalues -emit-reference-dependencies-path /Users/architkankaria/Library/Developer/Xcode/DerivedData/Runnr-galjaucsjawmxuhbcfeylsorzgrq/Build/Intermediates.noindex/Runnr.build/Debug-iphonesimulator/Runnr.build/Objects-normal/arm64/SwiftUIGraph.swiftdeps -serialize-diagnostics-path /Users/architkankaria/Library/Developer/Xcode/DerivedData/Runnr-galjaucsjawmxuhbcfeylsorzgrq/Build/Intermediates.noindex/Runnr.build/Debug-iphonesimulator/Runnr.build/Objects-normal/arm64/SwiftUIGraph.dia -emit-localized-strings -emit-localized-strings-path /Users/architkankaria/Library/Developer/Xcode/DerivedData/Runnr-galjaucsjawmxuhbcfeylsorzgrq/Build/Intermediates.noindex/Runnr.build/Debug-iphonesimulator/Runnr.build/Objects-normal/arm64 -target arm64-apple-ios18.0-simulator -module-can-import-version DeveloperToolsSupport 23.0.4 23.0.4 -module-can-import-version SwiftUI 7.0.84.1 7.0.84 -module-can-import-version UIKit 9088.1.113 9088.1.113 -load-resolved-plugin /Applications/Xcode.app/Contents/Developer/Platforms/iPhoneOS.platform/Developer/usr/lib/swift/host/plugins/libFoundationMacros.dylib\#/Applications/Xcode.app/Contents/Developer/Platforms/iPhoneOS.platform/Developer/usr/bin/swift-plugin-server\#FoundationMacros -load-resolved-plugin /Applications/Xcode.app/Contents/Developer/Platforms/iPhoneOS.platform/Developer/usr/lib/swift/host/plugins/libObservationMacros.dylib\#/Applications/Xcode.app/Contents/Developer/Platforms/iPhoneOS.platform/Developer/usr/bin/swift-plugin-server\#ObservationMacros -load-resolved-plugin /Applications/Xcode.app/Contents/Developer/Platforms/iPhoneOS.platform/Developer/usr/lib/swift/host/plugins/libPreviewsMacros.dylib\#/Applications/Xcode.app/Contents/Developer/Platforms/iPhoneOS.platform/Developer/usr/bin/swift-plugin-server\#PreviewsMacros -load-resolved-plugin /Applications/Xcode.app/Contents/Developer/Platforms/iPhoneOS.platform/Developer/usr/lib/swift/host/plugins/libSwiftMacros.dylib\#/Applications/Xcode.app/Contents/Developer/Platforms/iPhoneOS.platform/Developer/usr/bin/swift-plugin-server\#SwiftMacros -load-resolved-plugin /Applications/Xcode.app/Contents/Developer/Platforms/iPhoneOS.platform/Developer/usr/lib/swift/host/plugins/libSwiftUIMacros.dylib\#/Applications/Xcode.app/Contents/Developer/Platforms/iPhoneOS.platform/Developer/usr/bin/swift-plugin-server\#SwiftUIMacros -load-resolved-plugin /Applications/Xcode.app/Contents/Developer/Platforms/iPhoneOS.platform/Developer/usr/lib/swift/host/plugins/libTipKitMacros.dylib\#/Applications/Xcode.app/Contents/Developer/Platforms/iPhoneOS.platform/Developer/usr/bin/swift-plugin-server\#TipKitMacros -disable-implicit-swift-modules -Xcc -fno-implicit-modules -Xcc -fno-implicit-module-maps -explicit-swift-module-map-file /Users/architkankaria/Library/Developer/Xcode/DerivedData/Runnr-galjaucsjawmxuhbcfeylsorzgrq/Build/Intermediates.noindex/Runnr.build/Debug-iphonesimulator/Runnr.build/Objects-normal/arm64/Runnr-dependencies-1.json -Xllvm -aarch64-use-tbi -enable-objc-interop -sdk /Applications/Xcode.app/Contents/Developer/Platforms/iPhoneSimulator.platform/Developer/SDKs/iPhoneSimulator26.0.sdk -I /Users/architkankaria/Library/Developer/Xcode/DerivedData/Runnr-galjaucsjawmxuhbcfeylsorzgrq/Build/Products/Debug-iphonesimulator -F /Users/architkankaria/Library/Developer/Xcode/DerivedData/Runnr-galjaucsjawmxuhbcfeylsorzgrq/Build/Products/Debug-iphonesimulator/PackageFrameworks -F /Users/architkankaria/Library/Developer/Xcode/DerivedData/Runnr-galjaucsjawmxuhbcfeylsorzgrq/Build/Products/Debug-iphonesimulator/PackageFrameworks -F /Users/architkankaria/Library/Developer/Xcode/DerivedData/Runnr-galjaucsjawmxuhbcfeylsorzgrq/Build/Products/Debug-iphonesimulator/PackageFrameworks -F /Users/architkankaria/Library/Developer/Xcode/DerivedData/Runnr-galjaucsjawmxuhbcfeylsorzgrq/Build/Products/Debug-iphonesimulator/PackageFrameworks -F /Users/architkankaria/Library/Developer/Xcode/DerivedData/Runnr-galjaucsjawmxuhbcfeylsorzgrq/Build/Products/Debug-iphonesimulator/PackageFrameworks -F /Users/architkankaria/Library/Developer/Xcode/DerivedData/Runnr-galjaucsjawmxuhbcfeylsorzgrq/Build/Products/Debug-iphonesimulator/PackageFrameworks -F /Users/architkankaria/Library/Developer/Xcode/DerivedData/Runnr-galjaucsjawmxuhbcfeylsorzgrq/Build/Products/Debug-iphonesimulator/PackageFrameworks -F /Users/architkankaria/Library/Developer/Xcode/DerivedData/Runnr-galjaucsjawmxuhbcfeylsorzgrq/Build/Products/Debug-iphonesimulator/PackageFrameworks -F /Users/architkankaria/Library/Developer/Xcode/DerivedData/Runnr-galjaucsjawmxuhbcfeylsorzgrq/Build/Products/Debug-iphonesimulator/PackageFrameworks -F /Users/architkankaria/Library/Developer/Xcode/DerivedData/Runnr-galjaucsjawmxuhbcfeylsorzgrq/Build/Products/Debug-iphonesimulator/PackageFrameworks -F /Users/architkankaria/Library/Developer/Xcode/DerivedData/Runnr-galjaucsjawmxuhbcfeylsorzgrq/Build/Products/Debug-iphonesimulator/PackageFrameworks -F /Users/architkankaria/Library/Developer/Xcode/DerivedData/Runnr-galjaucsjawmxuhbcfeylsorzgrq/Build/Products/Debug-iphonesimulator/PackageFrameworks -F /Users/architkankaria/Library/Developer/Xcode/DerivedData/Runnr-galjaucsjawmxuhbcfeylsorzgrq/Build/Products/Debug-iphonesimulator/PackageFrameworks -F /Users/architkankaria/Library/Developer/Xcode/DerivedData/Runnr-galjaucsjawmxuhbcfeylsorzgrq/Build/Products/Debug-iphonesimulator/PackageFrameworks -F /Users/architkankaria/Library/Developer/Xcode/DerivedData/Runnr-galjaucsjawmxuhbcfeylsorzgrq/Build/Products/Debug-iphonesimulator/PackageFrameworks -F /Users/architkankaria/Library/Developer/Xcode/DerivedData/Runnr-galjaucsjawmxuhbcfeylsorzgrq/Build/Products/Debug-iphonesimulator/PackageFrameworks -F /Users/architkankaria/Library/Developer/Xcode/DerivedData/Runnr-galjaucsjawmxuhbcfeylsorzgrq/Build/Products/Debug-iphonesimulator/PackageFrameworks -F /Users/architkankaria/Library/Developer/Xcode/DerivedData/Runnr-galjaucsjawmxuhbcfeylsorzgrq/Build/Products/Debug-iphonesimulator/PackageFrameworks -F /Users/architkankaria/Library/Developer/Xcode/DerivedData/Runnr-galjaucsjawmxuhbcfeylsorzgrq/Build/Products/Debug-iphonesimulator/PackageFrameworks -F /Users/architkankaria/Library/Developer/Xcode/DerivedData/Runnr-galjaucsjawmxuhbcfeylsorzgrq/Build/Products/Debug-iphonesimulator -no-color-diagnostics -Xcc -fno-color-diagnostics -enable-testing -g -debug-info-format\=dwarf -dwarf-version\=5 -module-cache-path /Users/architkankaria/Library/Developer/Xcode/DerivedData/Runnr-galjaucsjawmxuhbcfeylsorzgrq/Build/Intermediates.noindex/SwiftExplicitPrecompiledModules -swift-version 5 -enforce-exclusivity\=checked -Onone -D DEBUG -serialize-debugging-options -const-gather-protocols-file /Users/architkankaria/Library/Developer/Xcode/DerivedData/Runnr-galjaucsjawmxuhbcfeylsorzgrq/Build/Intermediates.noindex/Runnr.build/Debug-iphonesimulator/Runnr.build/Objects-normal/arm64/Runnr_const_extract_protocols.json -enable-upcoming-feature DisableOutwardActorInference -enable-upcoming-feature InferSendableFromCaptures -enable-upcoming-feature GlobalActorIsolatedTypesUsability -enable-upcoming-feature MemberImportVisibility -enable-upcoming-feature InferIsolatedConformances -enable-upcoming-feature NonisolatedNonsendingByDefault -enable-experimental-feature DebugDescriptionMacro -enable-bare-slash-regex -default-isolation\=MainActor -empty-abi-descriptor -validate-clang-modules-once -clang-build-session-file /Users/architkankaria/Library/Developer/Xcode/DerivedData/ModuleCache.noindex/Session.modulevalidation -Xcc -working-directory -Xcc /Users/architkankaria/Desktop/MITWPU_Group_15 -enable-anonymous-context-mangled-names -file-compilation-dir /Users/architkankaria/Desktop/MITWPU_Group_15 -Xcc -fmodule-map-file\=/Users/architkankaria/Library/Developer/Xcode/DerivedData/Runnr-galjaucsjawmxuhbcfeylsorzgrq/Build/Intermediates.noindex/GeneratedModuleMaps-iphonesimulator/GoogleMapsTarget.modulemap -Xcc -D_LIBCPP_HARDENING_MODE\=_LIBCPP_HARDENING_MODE_DEBUG -Xcc -ivfsstatcache -Xcc /Users/architkankaria/Library/Developer/Xcode/DerivedData/SDKStatCaches.noindex/iphonesimulator26.0-23A339-26257891a6c027eb51374368541b8346.sdkstatcache -Xcc -I/Users/architkankaria/Library/Developer/Xcode/DerivedData/Runnr-galjaucsjawmxuhbcfeylsorzgrq/Build/Intermediates.noindex/Runnr.build/Debug-iphonesimulator/Runnr.build/swift-overrides.hmap -Xcc -iquote -Xcc /Users/architkankaria/Library/Developer/Xcode/DerivedData/Runnr-galjaucsjawmxuhbcfeylsorzgrq/Build/Intermediates.noindex/Runnr.build/Debug-iphonesimulator/Runnr.build/Runnr-generated-files.hmap -Xcc -I/Users/architkankaria/Library/Developer/Xcode/DerivedData/Runnr-galjaucsjawmxuhbcfeylsorzgrq/Build/Intermediates.noindex/Runnr.build/Debug-iphonesimulator/Runnr.build/Runnr-own-target-headers.hmap -Xcc -I/Users/architkankaria/Library/Developer/Xcode/DerivedData/Runnr-galjaucsjawmxuhbcfeylsorzgrq/Build/Intermediates.noindex/Runnr.build/Debug-iphonesimulator/Runnr.build/Runnr-all-non-framework-target-headers.hmap -Xcc -ivfsoverlay -Xcc /Users/architkankaria/Library/Developer/Xcode/DerivedData/Runnr-galjaucsjawmxuhbcfeylsorzgrq/Build/Intermediates.noindex/Runnr.build/Debug-iphonesimulator/Runnr-2fb206ff53775a5a2446de00398a0046-VFS-iphonesimulator/all-product-headers.yaml -Xcc -iquote -Xcc /Users/architkankaria/Library/Developer/Xcode/DerivedData/Runnr-galjaucsjawmxuhbcfeylsorzgrq/Build/Intermediates.noindex/Runnr.build/Debug-iphonesimulator/Runnr.build/Runnr-project-headers.hmap -Xcc -I/Users/architkankaria/Library/Developer/Xcode/DerivedData/Runnr-galjaucsjawmxuhbcfeylsorzgrq/SourcePackages/checkouts/ios-maps-sdk/Maps/Sources -Xcc -I/Users/architkankaria/Library/Developer/Xcode/DerivedData/Runnr-galjaucsjawmxuhbcfeylsorzgrq/Build/Products/Debug-iphonesimulator/include -Xcc -I/Users/architkankaria/Library/Developer/Xcode/DerivedData/Runnr-galjaucsjawmxuhbcfeylsorzgrq/Build/Intermediates.noindex/Runnr.build/Debug-iphonesimulator/Runnr.build/DerivedSources-normal/arm64 -Xcc -I/Users/architkankaria/Library/Developer/Xcode/DerivedData/Runnr-galjaucsjawmxuhbcfeylsorzgrq/Build/Intermediates.noindex/Runnr.build/Debug-iphonesimulator/Runnr.build/DerivedSources/arm64 -Xcc -I/Users/architkankaria/Library/Developer/Xcode/DerivedData/Runnr-galjaucsjawmxuhbcfeylsorzgrq/Build/Intermediates.noindex/Runnr.build/Debug-iphonesimulator/Runnr.build/DerivedSources -Xcc -DDEBUG\=1 -no-auto-bridging-header-chaining -module-name Runnr -frontend-parseable-output -disable-clang-spi -target-sdk-version 26.0 -target-sdk-name iphonesimulator26.0 -clang-target arm64-apple-ios26.0-simulator -in-process-plugin-server-path /Applications/Xcode.app/Contents/Developer/Toolchains/XcodeDefault.xctoolchain/usr/lib/swift/host/libSwiftInProcPluginServer.dylib -o /Users/architkankaria/Library/Developer/Xcode/DerivedData/Runnr-galjaucsjawmxuhbcfeylsorzgrq/Build/Intermediates.noindex/Runnr.build/Debug-iphonesimulator/Runnr.build/Objects-normal/arm64/SwiftUIGraph.o -index-unit-output-path /Runnr.build/Debug-iphonesimulator/Runnr.build/Objects-normal/arm64/SwiftUIGraph.o -index-store-path /Users/architkankaria/Library/Developer/Xcode/DerivedData/Runnr-galjaucsjawmxuhbcfeylsorzgrq/Index.noindex/DataStore -index-system-modules
SwiftEmitModule normal arm64 Emitting\ module\ for\ Runnr (in target 'Runnr' from project 'Runnr')

EmitSwiftModule normal arm64 (in target 'Runnr' from project 'Runnr')
    cd /Users/architkankaria/Desktop/MITWPU_Group_15
    

SwiftCompile normal arm64 Compiling\ ActivityModelFile.swift /Users/architkankaria/Desktop/MITWPU_Group_15/Runnr/ModelFiles/ActivityModelFile.swift (in target 'Runnr' from project 'Runnr')

SwiftCompile normal arm64 /Users/architkankaria/Desktop/MITWPU_Group_15/Runnr/ModelFiles/ActivityModelFile.swift (in target 'Runnr' from project 'Runnr')
    cd /Users/architkankaria/Desktop/MITWPU_Group_15
    

SwiftCompile normal arm64 Compiling\ BattleRunViewController.swift /Users/architkankaria/Desktop/MITWPU_Group_15/Runnr/Game\ Screen/BattleRunViewController.swift (in target 'Runnr' from project 'Runnr')

SwiftCompile normal arm64 /Users/architkankaria/Desktop/MITWPU_Group_15/Runnr/Game\ Screen/BattleRunViewController.swift (in target 'Runnr' from project 'Runnr')
    cd /Users/architkankaria/Desktop/MITWPU_Group_15
    

SwiftCompile normal x86_64 Compiling\ ActivityModelFile.swift /Users/architkankaria/Desktop/MITWPU_Group_15/Runnr/ModelFiles/ActivityModelFile.swift (in target 'Runnr' from project 'Runnr')

SwiftCompile normal x86_64 /Users/architkankaria/Desktop/MITWPU_Group_15/Runnr/ModelFiles/ActivityModelFile.swift (in target 'Runnr' from project 'Runnr')
    cd /Users/architkankaria/Desktop/MITWPU_Group_15
    

SwiftCompile normal x86_64 Compiling\ ActivityLiveTrackingViewController.swift /Users/architkankaria/Desktop/MITWPU_Group_15/Runnr/Track\ Screen/ActivityLiveTrackingViewController.swift (in target 'Runnr' from project 'Runnr')

SwiftCompile normal x86_64 /Users/architkankaria/Desktop/MITWPU_Group_15/Runnr/Track\ Screen/ActivityLiveTrackingViewController.swift (in target 'Runnr' from project 'Runnr')
    cd /Users/architkankaria/Desktop/MITWPU_Group_15
    

SwiftCompile normal x86_64 Compiling\ DistanceViewController.swift /Users/architkankaria/Desktop/MITWPU_Group_15/Runnr/Insights\ Screen/DistanceViewController.swift (in target 'Runnr' from project 'Runnr')

SwiftCompile normal x86_64 /Users/architkankaria/Desktop/MITWPU_Group_15/Runnr/Insights\ Screen/DistanceViewController.swift (in target 'Runnr' from project 'Runnr')
    cd /Users/architkankaria/Desktop/MITWPU_Group_15
    

SwiftEmitModule normal x86_64 Emitting\ module\ for\ Runnr (in target 'Runnr' from project 'Runnr')

EmitSwiftModule normal x86_64 (in target 'Runnr' from project 'Runnr')
    cd /Users/architkankaria/Desktop/MITWPU_Group_15
    

SwiftCompile normal x86_64 Compiling\ BattleRunViewController.swift /Users/architkankaria/Desktop/MITWPU_Group_15/Runnr/Game\ Screen/BattleRunViewController.swift (in target 'Runnr' from project 'Runnr')

SwiftCompile normal x86_64 /Users/architkankaria/Desktop/MITWPU_Group_15/Runnr/Game\ Screen/BattleRunViewController.swift (in target 'Runnr' from project 'Runnr')
    cd /Users/architkankaria/Desktop/MITWPU_Group_15
    

SwiftCompile normal x86_64 Compiling\ SwiftUIGraph.swift /Users/architkankaria/Desktop/MITWPU_Group_15/Runnr/Insights\ Screen/SwiftUIGraph.swift (in target 'Runnr' from project 'Runnr')
SwiftCompile normal x86_64 /Users/architkankaria/Desktop/MITWPU_Group_15/Runnr/Insights\ Screen/SwiftUIGraph.swift (in target 'Runnr' from project 'Runnr')
    cd /Users/architkankaria/Desktop/MITWPU_Group_15
    

SwiftDriverJobDiscovery normal arm64 Compiling ActivityModelFile.swift (in target 'Runnr' from project 'Runnr')

SwiftCompile normal arm64 Compiling\ DistanceViewController.swift /Users/architkankaria/Desktop/MITWPU_Group_15/Runnr/Insights\ Screen/DistanceViewController.swift (in target 'Runnr' from project 'Runnr')

SwiftCompile normal arm64 /Users/architkankaria/Desktop/MITWPU_Group_15/Runnr/Insights\ Screen/DistanceViewController.swift (in target 'Runnr' from project 'Runnr')
    cd /Users/architkankaria/Desktop/MITWPU_Group_15
    

SwiftDriverJobDiscovery normal x86_64 Compiling ActivityModelFile.swift (in target 'Runnr' from project 'Runnr')

SwiftCompile normal x86_64 Compiling\ NotificationViewController.swift,\ UserProfileViewController.swift /Users/architkankaria/Desktop/MITWPU_Group_15/Runnr/UserProfile/NotificationViewController.swift /Users/architkankaria/Desktop/MITWPU_Group_15/Runnr/UserProfile/UserProfileViewController.swift (in target 'Runnr' from project 'Runnr')

SwiftCompile normal x86_64 /Users/architkankaria/Desktop/MITWPU_Group_15/Runnr/UserProfile/NotificationViewController.swift (in target 'Runnr' from project 'Runnr')
    cd /Users/architkankaria/Desktop/MITWPU_Group_15
    

SwiftCompile normal x86_64 /Users/architkankaria/Desktop/MITWPU_Group_15/Runnr/UserProfile/UserProfileViewController.swift (in target 'Runnr' from project 'Runnr')
    cd /Users/architkankaria/Desktop/MITWPU_Group_15
    

SwiftDriverJobDiscovery normal x86_64 Compiling DistanceViewController.swift (in target 'Runnr' from project 'Runnr')

SwiftCompile normal arm64 Compiling\ NotificationViewController.swift,\ UserProfileViewController.swift /Users/architkankaria/Desktop/MITWPU_Group_15/Runnr/UserProfile/NotificationViewController.swift /Users/architkankaria/Desktop/MITWPU_Group_15/Runnr/UserProfile/UserProfileViewController.swift (in target 'Runnr' from project 'Runnr')

SwiftCompile normal arm64 /Users/architkankaria/Desktop/MITWPU_Group_15/Runnr/UserProfile/NotificationViewController.swift (in target 'Runnr' from project 'Runnr')
    cd /Users/architkankaria/Desktop/MITWPU_Group_15
    

SwiftCompile normal arm64 /Users/architkankaria/Desktop/MITWPU_Group_15/Runnr/UserProfile/UserProfileViewController.swift (in target 'Runnr' from project 'Runnr')
    cd /Users/architkankaria/Desktop/MITWPU_Group_15
    

SwiftDriverJobDiscovery normal arm64 Compiling DistanceViewController.swift (in target 'Runnr' from project 'Runnr')

SwiftCompile normal arm64 Compiling\ CreatePostViewController.swift,\ GameScreenViewController.swift,\ InviteFriendViewController.swift /Users/architkankaria/Desktop/MITWPU_Group_15/Runnr/Club\ Screen/CreatePostViewController.swift /Users/architkankaria/Desktop/MITWPU_Group_15/Runnr/Game\ Screen/GameScreenViewController.swift /Users/architkankaria/Desktop/MITWPU_Group_15/Runnr/Game\ Screen/InviteFriendViewController.swift (in target 'Runnr' from project 'Runnr')

SwiftCompile normal arm64 /Users/architkankaria/Desktop/MITWPU_Group_15/Runnr/Club\ Screen/CreatePostViewController.swift (in target 'Runnr' from project 'Runnr')
    cd /Users/architkankaria/Desktop/MITWPU_Group_15
    

SwiftCompile normal arm64 /Users/architkankaria/Desktop/MITWPU_Group_15/Runnr/Game\ Screen/GameScreenViewController.swift (in target 'Runnr' from project 'Runnr')
    cd /Users/architkankaria/Desktop/MITWPU_Group_15
    

SwiftCompile normal arm64 /Users/architkankaria/Desktop/MITWPU_Group_15/Runnr/Game\ Screen/InviteFriendViewController.swift (in target 'Runnr' from project 'Runnr')
    cd /Users/architkankaria/Desktop/MITWPU_Group_15
    

SwiftDriverJobDiscovery normal arm64 Compiling BattleRunViewController.swift (in target 'Runnr' from project 'Runnr')

SwiftCompile normal arm64 Compiling\ DataSource.swift,\ JoinUsViewController.swift,\ SetProfileViewController.swift /Users/architkankaria/Desktop/MITWPU_Group_15/Runnr/ModelFiles/DataSource.swift /Users/architkankaria/Desktop/MITWPU_Group_15/Runnr/OnBoarding/JoinUsViewController.swift /Users/architkankaria/Desktop/MITWPU_Group_15/Runnr/OnBoarding/SetProfileViewController.swift (in target 'Runnr' from project 'Runnr')

SwiftCompile normal arm64 /Users/architkankaria/Desktop/MITWPU_Group_15/Runnr/ModelFiles/DataSource.swift (in target 'Runnr' from project 'Runnr')
    cd /Users/architkankaria/Desktop/MITWPU_Group_15
    

SwiftCompile normal arm64 /Users/architkankaria/Desktop/MITWPU_Group_15/Runnr/OnBoarding/JoinUsViewController.swift (in target 'Runnr' from project 'Runnr')
    cd /Users/architkankaria/Desktop/MITWPU_Group_15
    

SwiftCompile normal arm64 /Users/architkankaria/Desktop/MITWPU_Group_15/Runnr/OnBoarding/SetProfileViewController.swift (in target 'Runnr' from project 'Runnr')
    cd /Users/architkankaria/Desktop/MITWPU_Group_15
    

SwiftDriverJobDiscovery normal x86_64 Compiling BattleRunViewController.swift (in target 'Runnr' from project 'Runnr')

SwiftCompile normal arm64 Compiling\ SeasonalGameCollectionViewCell.swift,\ SoloChallengeCollectionViewCell.swift,\ CaloriesViewController.swift /Users/architkankaria/Desktop/MITWPU_Group_15/Runnr/Game\ Screen/SeasonalGameCollectionViewCell.swift /Users/architkankaria/Desktop/MITWPU_Group_15/Runnr/Game\ Screen/SoloChallengeCollectionViewCell.swift /Users/architkankaria/Desktop/MITWPU_Group_15/Runnr/Insights\ Screen/CaloriesViewController.swift (in target 'Runnr' from project 'Runnr')

SwiftCompile normal arm64 /Users/architkankaria/Desktop/MITWPU_Group_15/Runnr/Game\ Screen/SeasonalGameCollectionViewCell.swift (in target 'Runnr' from project 'Runnr')
    cd /Users/architkankaria/Desktop/MITWPU_Group_15
    

SwiftCompile normal arm64 /Users/architkankaria/Desktop/MITWPU_Group_15/Runnr/Game\ Screen/SoloChallengeCollectionViewCell.swift (in target 'Runnr' from project 'Runnr')
    cd /Users/architkankaria/Desktop/MITWPU_Group_15
    

SwiftCompile normal arm64 /Users/architkankaria/Desktop/MITWPU_Group_15/Runnr/Insights\ Screen/CaloriesViewController.swift (in target 'Runnr' from project 'Runnr')
    cd /Users/architkankaria/Desktop/MITWPU_Group_15
    

SwiftDriverJobDiscovery normal x86_64 Compiling ActivityLiveTrackingViewController.swift (in target 'Runnr' from project 'Runnr')

SwiftCompile normal arm64 Compiling\ ActivityAnalysisViewController.swift,\ ActivitySaveViewController.swift,\ ActivityStartViewController.swift /Users/architkankaria/Desktop/MITWPU_Group_15/Runnr/Track\ Screen/ActivityAnalysisViewController.swift /Users/architkankaria/Desktop/MITWPU_Group_15/Runnr/Track\ Screen/ActivitySaveViewController.swift /Users/architkankaria/Desktop/MITWPU_Group_15/Runnr/Track\ Screen/ActivityStartViewController.swift (in target 'Runnr' from project 'Runnr')

SwiftCompile normal arm64 /Users/architkankaria/Desktop/MITWPU_Group_15/Runnr/Track\ Screen/ActivityAnalysisViewController.swift (in target 'Runnr' from project 'Runnr')
    cd /Users/architkankaria/Desktop/MITWPU_Group_15
    

SwiftCompile normal arm64 /Users/architkankaria/Desktop/MITWPU_Group_15/Runnr/Track\ Screen/ActivitySaveViewController.swift (in target 'Runnr' from project 'Runnr')
    cd /Users/architkankaria/Desktop/MITWPU_Group_15
    

SwiftCompile normal arm64 /Users/architkankaria/Desktop/MITWPU_Group_15/Runnr/Track\ Screen/ActivityStartViewController.swift (in target 'Runnr' from project 'Runnr')
    cd /Users/architkankaria/Desktop/MITWPU_Group_15
    

SwiftDriverJobDiscovery normal arm64 Compiling ActivityLiveTrackingViewController.swift (in target 'Runnr' from project 'Runnr')

SwiftCompile normal x86_64 Compiling\ Queries.swift,\ ViewController.swift /Users/architkankaria/Desktop/MITWPU_Group_15/Runnr/Queries.swift /Users/architkankaria/Desktop/MITWPU_Group_15/Runnr/ViewController.swift (in target 'Runnr' from project 'Runnr')

SwiftCompile normal x86_64 /Users/architkankaria/Desktop/MITWPU_Group_15/Runnr/Queries.swift (in target 'Runnr' from project 'Runnr')
    cd /Users/architkankaria/Desktop/MITWPU_Group_15
    

SwiftCompile normal x86_64 /Users/architkankaria/Desktop/MITWPU_Group_15/Runnr/ViewController.swift (in target 'Runnr' from project 'Runnr')
    cd /Users/architkankaria/Desktop/MITWPU_Group_15
    

SwiftDriverJobDiscovery normal x86_64 Compiling NotificationViewController.swift, UserProfileViewController.swift (in target 'Runnr' from project 'Runnr')

SwiftCompile normal x86_64 Compiling\ DataSource.swift,\ JoinUsViewController.swift,\ SetProfileViewController.swift /Users/architkankaria/Desktop/MITWPU_Group_15/Runnr/ModelFiles/DataSource.swift /Users/architkankaria/Desktop/MITWPU_Group_15/Runnr/OnBoarding/JoinUsViewController.swift /Users/architkankaria/Desktop/MITWPU_Group_15/Runnr/OnBoarding/SetProfileViewController.swift (in target 'Runnr' from project 'Runnr')

SwiftCompile normal x86_64 /Users/architkankaria/Desktop/MITWPU_Group_15/Runnr/ModelFiles/DataSource.swift (in target 'Runnr' from project 'Runnr')
    cd /Users/architkankaria/Desktop/MITWPU_Group_15
    

SwiftCompile normal x86_64 /Users/architkankaria/Desktop/MITWPU_Group_15/Runnr/OnBoarding/JoinUsViewController.swift (in target 'Runnr' from project 'Runnr')
    cd /Users/architkankaria/Desktop/MITWPU_Group_15
    

SwiftCompile normal x86_64 /Users/architkankaria/Desktop/MITWPU_Group_15/Runnr/OnBoarding/SetProfileViewController.swift (in target 'Runnr' from project 'Runnr')
    cd /Users/architkankaria/Desktop/MITWPU_Group_15
    

SwiftCompile normal x86_64 Compiling\ ActivityScreenViewController.swift,\ AllActivitiesViewController.swift,\ MyActivityTableViewCell.swift /Users/architkankaria/Desktop/MITWPU_Group_15/Runnr/Activity\ Screen/ActivityScreenViewController.swift /Users/architkankaria/Desktop/MITWPU_Group_15/Runnr/Activity\ Screen/AllActivitiesViewController.swift /Users/architkankaria/Desktop/MITWPU_Group_15/Runnr/Activity\ Screen/MyActivityTableViewCell.swift (in target 'Runnr' from project 'Runnr')

SwiftCompile normal x86_64 /Users/architkankaria/Desktop/MITWPU_Group_15/Runnr/Activity\ Screen/ActivityScreenViewController.swift (in target 'Runnr' from project 'Runnr')
    cd /Users/architkankaria/Desktop/MITWPU_Group_15
    

SwiftCompile normal x86_64 /Users/architkankaria/Desktop/MITWPU_Group_15/Runnr/Activity\ Screen/AllActivitiesViewController.swift (in target 'Runnr' from project 'Runnr')
    cd /Users/architkankaria/Desktop/MITWPU_Group_15
    

SwiftCompile normal x86_64 /Users/architkankaria/Desktop/MITWPU_Group_15/Runnr/Activity\ Screen/MyActivityTableViewCell.swift (in target 'Runnr' from project 'Runnr')
    cd /Users/architkankaria/Desktop/MITWPU_Group_15
    

SwiftCompile normal arm64 Compiling\ FriendListTableViewCell.swift,\ ClubProfileViewController.swift,\ ClubScreenViewController.swift /Users/architkankaria/Desktop/MITWPU_Group_15/Runnr/Club\ Screen/ClubScreenCells/FriendListTableViewCell.swift /Users/architkankaria/Desktop/MITWPU_Group_15/Runnr/Club\ Screen/ClubProfileViewController.swift /Users/architkankaria/Desktop/MITWPU_Group_15/Runnr/Club\ Screen/ClubScreenViewController.swift (in target 'Runnr' from project 'Runnr')

SwiftCompile normal arm64 /Users/architkankaria/Desktop/MITWPU_Group_15/Runnr/Club\ Screen/ClubScreenCells/FriendListTableViewCell.swift (in target 'Runnr' from project 'Runnr')
    cd /Users/architkankaria/Desktop/MITWPU_Group_15
    

SwiftCompile normal arm64 /Users/architkankaria/Desktop/MITWPU_Group_15/Runnr/Club\ Screen/ClubProfileViewController.swift (in target 'Runnr' from project 'Runnr')
    cd /Users/architkankaria/Desktop/MITWPU_Group_15
    

SwiftCompile normal arm64 /Users/architkankaria/Desktop/MITWPU_Group_15/Runnr/Club\ Screen/ClubScreenViewController.swift (in target 'Runnr' from project 'Runnr')
    cd /Users/architkankaria/Desktop/MITWPU_Group_15
    

SwiftDriverJobDiscovery normal arm64 Compiling NotificationViewController.swift, UserProfileViewController.swift (in target 'Runnr' from project 'Runnr')

SwiftCompile normal x86_64 Compiling\ ActivitySummaryViewController.swift,\ EditProfileViewController.swift /Users/architkankaria/Desktop/MITWPU_Group_15/Runnr/Track\ Screen/ActivitySummaryViewController.swift /Users/architkankaria/Desktop/MITWPU_Group_15/Runnr/UserProfile/EditProfileViewController.swift (in target 'Runnr' from project 'Runnr')

SwiftCompile normal x86_64 /Users/architkankaria/Desktop/MITWPU_Group_15/Runnr/Track\ Screen/ActivitySummaryViewController.swift (in target 'Runnr' from project 'Runnr')
    cd /Users/architkankaria/Desktop/MITWPU_Group_15
    

SwiftCompile normal x86_64 /Users/architkankaria/Desktop/MITWPU_Group_15/Runnr/UserProfile/EditProfileViewController.swift (in target 'Runnr' from project 'Runnr')
    cd /Users/architkankaria/Desktop/MITWPU_Group_15
    

SwiftDriverJobDiscovery normal arm64 Compiling CreatePostViewController.swift, GameScreenViewController.swift, InviteFriendViewController.swift (in target 'Runnr' from project 'Runnr')

SwiftCompile normal arm64 Compiling\ ActivityScreenViewController.swift,\ AllActivitiesViewController.swift,\ MyActivityTableViewCell.swift /Users/architkankaria/Desktop/MITWPU_Group_15/Runnr/Activity\ Screen/ActivityScreenViewController.swift /Users/architkankaria/Desktop/MITWPU_Group_15/Runnr/Activity\ Screen/AllActivitiesViewController.swift /Users/architkankaria/Desktop/MITWPU_Group_15/Runnr/Activity\ Screen/MyActivityTableViewCell.swift (in target 'Runnr' from project 'Runnr')

SwiftCompile normal arm64 /Users/architkankaria/Desktop/MITWPU_Group_15/Runnr/Activity\ Screen/ActivityScreenViewController.swift (in target 'Runnr' from project 'Runnr')
    cd /Users/architkankaria/Desktop/MITWPU_Group_15
    

SwiftCompile normal arm64 /Users/architkankaria/Desktop/MITWPU_Group_15/Runnr/Activity\ Screen/AllActivitiesViewController.swift (in target 'Runnr' from project 'Runnr')
    cd /Users/architkankaria/Desktop/MITWPU_Group_15
    

SwiftCompile normal arm64 /Users/architkankaria/Desktop/MITWPU_Group_15/Runnr/Activity\ Screen/MyActivityTableViewCell.swift (in target 'Runnr' from project 'Runnr')
    cd /Users/architkankaria/Desktop/MITWPU_Group_15
    

SwiftDriverJobDiscovery normal arm64 Compiling DataSource.swift, JoinUsViewController.swift, SetProfileViewController.swift (in target 'Runnr' from project 'Runnr')

SwiftCompile normal x86_64 Compiling\ InsightsScreenViewController.swift,\ PaceViewController.swift,\ StepsViewController.swift /Users/architkankaria/Desktop/MITWPU_Group_15/Runnr/Insights\ Screen/InsightsScreenViewController.swift /Users/architkankaria/Desktop/MITWPU_Group_15/Runnr/Insights\ Screen/PaceViewController.swift /Users/architkankaria/Desktop/MITWPU_Group_15/Runnr/Insights\ Screen/StepsViewController.swift (in target 'Runnr' from project 'Runnr')

SwiftCompile normal x86_64 /Users/architkankaria/Desktop/MITWPU_Group_15/Runnr/Insights\ Screen/InsightsScreenViewController.swift (in target 'Runnr' from project 'Runnr')
    cd /Users/architkankaria/Desktop/MITWPU_Group_15
    

SwiftCompile normal x86_64 /Users/architkankaria/Desktop/MITWPU_Group_15/Runnr/Insights\ Screen/PaceViewController.swift (in target 'Runnr' from project 'Runnr')
    cd /Users/architkankaria/Desktop/MITWPU_Group_15
    

SwiftCompile normal x86_64 /Users/architkankaria/Desktop/MITWPU_Group_15/Runnr/Insights\ Screen/StepsViewController.swift (in target 'Runnr' from project 'Runnr')
    cd /Users/architkankaria/Desktop/MITWPU_Group_15
    

SwiftDriverJobDiscovery normal x86_64 Compiling Queries.swift, ViewController.swift (in target 'Runnr' from project 'Runnr')

SwiftCompile normal arm64 Compiling\ InsightsScreenViewController.swift,\ PaceViewController.swift,\ StepsViewController.swift /Users/architkankaria/Desktop/MITWPU_Group_15/Runnr/Insights\ Screen/InsightsScreenViewController.swift /Users/architkankaria/Desktop/MITWPU_Group_15/Runnr/Insights\ Screen/PaceViewController.swift /Users/architkankaria/Desktop/MITWPU_Group_15/Runnr/Insights\ Screen/StepsViewController.swift (in target 'Runnr' from project 'Runnr')

SwiftCompile normal arm64 /Users/architkankaria/Desktop/MITWPU_Group_15/Runnr/Insights\ Screen/InsightsScreenViewController.swift (in target 'Runnr' from project 'Runnr')
    cd /Users/architkankaria/Desktop/MITWPU_Group_15
    

SwiftCompile normal arm64 /Users/architkankaria/Desktop/MITWPU_Group_15/Runnr/Insights\ Screen/PaceViewController.swift (in target 'Runnr' from project 'Runnr')
    cd /Users/architkankaria/Desktop/MITWPU_Group_15
    

SwiftCompile normal arm64 /Users/architkankaria/Desktop/MITWPU_Group_15/Runnr/Insights\ Screen/StepsViewController.swift (in target 'Runnr' from project 'Runnr')
    cd /Users/architkankaria/Desktop/MITWPU_Group_15
    

SwiftDriverJobDiscovery normal arm64 Compiling SeasonalGameCollectionViewCell.swift, SoloChallengeCollectionViewCell.swift, CaloriesViewController.swift (in target 'Runnr' from project 'Runnr')

SwiftCompile normal arm64 Compiling\ Queries.swift,\ ViewController.swift /Users/architkankaria/Desktop/MITWPU_Group_15/Runnr/Queries.swift /Users/architkankaria/Desktop/MITWPU_Group_15/Runnr/ViewController.swift (in target 'Runnr' from project 'Runnr')

SwiftCompile normal arm64 /Users/architkankaria/Desktop/MITWPU_Group_15/Runnr/Queries.swift (in target 'Runnr' from project 'Runnr')
    cd /Users/architkankaria/Desktop/MITWPU_Group_15
    

SwiftCompile normal arm64 /Users/architkankaria/Desktop/MITWPU_Group_15/Runnr/ViewController.swift (in target 'Runnr' from project 'Runnr')
    cd /Users/architkankaria/Desktop/MITWPU_Group_15
    

SwiftDriverJobDiscovery normal x86_64 Compiling DataSource.swift, JoinUsViewController.swift, SetProfileViewController.swift (in target 'Runnr' from project 'Runnr')

SwiftCompile normal x86_64 Compiling\ ActivityAnalysisViewController.swift,\ ActivitySaveViewController.swift,\ ActivityStartViewController.swift /Users/architkankaria/Desktop/MITWPU_Group_15/Runnr/Track\ Screen/ActivityAnalysisViewController.swift /Users/architkankaria/Desktop/MITWPU_Group_15/Runnr/Track\ Screen/ActivitySaveViewController.swift /Users/architkankaria/Desktop/MITWPU_Group_15/Runnr/Track\ Screen/ActivityStartViewController.swift (in target 'Runnr' from project 'Runnr')

SwiftCompile normal x86_64 /Users/architkankaria/Desktop/MITWPU_Group_15/Runnr/Track\ Screen/ActivityAnalysisViewController.swift (in target 'Runnr' from project 'Runnr')
    cd /Users/architkankaria/Desktop/MITWPU_Group_15
    

SwiftCompile normal x86_64 /Users/architkankaria/Desktop/MITWPU_Group_15/Runnr/Track\ Screen/ActivitySaveViewController.swift (in target 'Runnr' from project 'Runnr')
    cd /Users/architkankaria/Desktop/MITWPU_Group_15
    

SwiftCompile normal x86_64 /Users/architkankaria/Desktop/MITWPU_Group_15/Runnr/Track\ Screen/ActivityStartViewController.swift (in target 'Runnr' from project 'Runnr')
    cd /Users/architkankaria/Desktop/MITWPU_Group_15
    

SwiftDriverJobDiscovery normal x86_64 Compiling ActivityScreenViewController.swift, AllActivitiesViewController.swift, MyActivityTableViewCell.swift (in target 'Runnr' from project 'Runnr')

SwiftCompile normal x86_64 Compiling\ CreatePostViewController.swift,\ GameScreenViewController.swift,\ InviteFriendViewController.swift /Users/architkankaria/Desktop/MITWPU_Group_15/Runnr/Club\ Screen/CreatePostViewController.swift /Users/architkankaria/Desktop/MITWPU_Group_15/Runnr/Game\ Screen/GameScreenViewController.swift /Users/architkankaria/Desktop/MITWPU_Group_15/Runnr/Game\ Screen/InviteFriendViewController.swift (in target 'Runnr' from project 'Runnr')

SwiftCompile normal x86_64 /Users/architkankaria/Desktop/MITWPU_Group_15/Runnr/Club\ Screen/CreatePostViewController.swift (in target 'Runnr' from project 'Runnr')
    cd /Users/architkankaria/Desktop/MITWPU_Group_15
    

SwiftCompile normal x86_64 /Users/architkankaria/Desktop/MITWPU_Group_15/Runnr/Game\ Screen/GameScreenViewController.swift (in target 'Runnr' from project 'Runnr')
    cd /Users/architkankaria/Desktop/MITWPU_Group_15
    

SwiftCompile normal x86_64 /Users/architkankaria/Desktop/MITWPU_Group_15/Runnr/Game\ Screen/InviteFriendViewController.swift (in target 'Runnr' from project 'Runnr')
    cd /Users/architkankaria/Desktop/MITWPU_Group_15
    

SwiftDriverJobDiscovery normal x86_64 Compiling ActivitySummaryViewController.swift, EditProfileViewController.swift (in target 'Runnr' from project 'Runnr')

SwiftCompile normal x86_64 Compiling\ FriendListTableViewCell.swift,\ ClubProfileViewController.swift,\ ClubScreenViewController.swift /Users/architkankaria/Desktop/MITWPU_Group_15/Runnr/Club\ Screen/ClubScreenCells/FriendListTableViewCell.swift /Users/architkankaria/Desktop/MITWPU_Group_15/Runnr/Club\ Screen/ClubProfileViewController.swift /Users/architkankaria/Desktop/MITWPU_Group_15/Runnr/Club\ Screen/ClubScreenViewController.swift (in target 'Runnr' from project 'Runnr')

SwiftCompile normal x86_64 /Users/architkankaria/Desktop/MITWPU_Group_15/Runnr/Club\ Screen/ClubScreenCells/FriendListTableViewCell.swift (in target 'Runnr' from project 'Runnr')
    cd /Users/architkankaria/Desktop/MITWPU_Group_15
    

SwiftCompile normal x86_64 /Users/architkankaria/Desktop/MITWPU_Group_15/Runnr/Club\ Screen/ClubProfileViewController.swift (in target 'Runnr' from project 'Runnr')
    cd /Users/architkankaria/Desktop/MITWPU_Group_15
    

SwiftCompile normal x86_64 /Users/architkankaria/Desktop/MITWPU_Group_15/Runnr/Club\ Screen/ClubScreenViewController.swift (in target 'Runnr' from project 'Runnr')
    cd /Users/architkankaria/Desktop/MITWPU_Group_15
    

SwiftDriverJobDiscovery normal arm64 Compiling ActivityScreenViewController.swift, AllActivitiesViewController.swift, MyActivityTableViewCell.swift (in target 'Runnr' from project 'Runnr')

SwiftCompile normal arm64 Compiling\ ActivitySummaryViewController.swift,\ EditProfileViewController.swift /Users/architkankaria/Desktop/MITWPU_Group_15/Runnr/Track\ Screen/ActivitySummaryViewController.swift /Users/architkankaria/Desktop/MITWPU_Group_15/Runnr/UserProfile/EditProfileViewController.swift (in target 'Runnr' from project 'Runnr')

SwiftCompile normal arm64 /Users/architkankaria/Desktop/MITWPU_Group_15/Runnr/Track\ Screen/ActivitySummaryViewController.swift (in target 'Runnr' from project 'Runnr')
    cd /Users/architkankaria/Desktop/MITWPU_Group_15
    

SwiftCompile normal arm64 /Users/architkankaria/Desktop/MITWPU_Group_15/Runnr/UserProfile/EditProfileViewController.swift (in target 'Runnr' from project 'Runnr')
    cd /Users/architkankaria/Desktop/MITWPU_Group_15
    

SwiftDriverJobDiscovery normal arm64 Compiling FriendListTableViewCell.swift, ClubProfileViewController.swift, ClubScreenViewController.swift (in target 'Runnr' from project 'Runnr')

SwiftCompile normal x86_64 Compiling\ SeasonalGameCollectionViewCell.swift,\ SoloChallengeCollectionViewCell.swift,\ CaloriesViewController.swift /Users/architkankaria/Desktop/MITWPU_Group_15/Runnr/Game\ Screen/SeasonalGameCollectionViewCell.swift /Users/architkankaria/Desktop/MITWPU_Group_15/Runnr/Game\ Screen/SoloChallengeCollectionViewCell.swift /Users/architkankaria/Desktop/MITWPU_Group_15/Runnr/Insights\ Screen/CaloriesViewController.swift (in target 'Runnr' from project 'Runnr')

SwiftCompile normal x86_64 /Users/architkankaria/Desktop/MITWPU_Group_15/Runnr/Game\ Screen/SeasonalGameCollectionViewCell.swift (in target 'Runnr' from project 'Runnr')
    cd /Users/architkankaria/Desktop/MITWPU_Group_15
    

SwiftCompile normal x86_64 /Users/architkankaria/Desktop/MITWPU_Group_15/Runnr/Game\ Screen/SoloChallengeCollectionViewCell.swift (in target 'Runnr' from project 'Runnr')
    cd /Users/architkankaria/Desktop/MITWPU_Group_15
    

SwiftCompile normal x86_64 /Users/architkankaria/Desktop/MITWPU_Group_15/Runnr/Insights\ Screen/CaloriesViewController.swift (in target 'Runnr' from project 'Runnr')
    cd /Users/architkankaria/Desktop/MITWPU_Group_15
    

SwiftDriverJobDiscovery normal arm64 Compiling Queries.swift, ViewController.swift (in target 'Runnr' from project 'Runnr')

SwiftDriverJobDiscovery normal x86_64 Compiling InsightsScreenViewController.swift, PaceViewController.swift, StepsViewController.swift (in target 'Runnr' from project 'Runnr')

SwiftDriverJobDiscovery normal x86_64 Compiling CreatePostViewController.swift, GameScreenViewController.swift, InviteFriendViewController.swift (in target 'Runnr' from project 'Runnr')

SwiftDriverJobDiscovery normal arm64 Compiling InsightsScreenViewController.swift, PaceViewController.swift, StepsViewController.swift (in target 'Runnr' from project 'Runnr')

SwiftDriverJobDiscovery normal arm64 Compiling ActivitySummaryViewController.swift, EditProfileViewController.swift (in target 'Runnr' from project 'Runnr')

SwiftDriverJobDiscovery normal arm64 Compiling ActivityAnalysisViewController.swift, ActivitySaveViewController.swift, ActivityStartViewController.swift (in target 'Runnr' from project 'Runnr')

SwiftDriverJobDiscovery normal x86_64 Compiling FriendListTableViewCell.swift, ClubProfileViewController.swift, ClubScreenViewController.swift (in target 'Runnr' from project 'Runnr')

SwiftDriverJobDiscovery normal x86_64 Compiling SeasonalGameCollectionViewCell.swift, SoloChallengeCollectionViewCell.swift, CaloriesViewController.swift (in target 'Runnr' from project 'Runnr')

SwiftDriverJobDiscovery normal x86_64 Compiling ActivityAnalysisViewController.swift, ActivitySaveViewController.swift, ActivityStartViewController.swift (in target 'Runnr' from project 'Runnr')

** BUILD FAILED **


The following build commands failed:
	SwiftCompile normal arm64 /Users/architkankaria/Desktop/MITWPU_Group_15/Runnr/Insights\ Screen/SwiftUIGraph.swift (in target 'Runnr' from project 'Runnr')
	SwiftCompile normal arm64 Compiling\ SwiftUIGraph.swift /Users/architkankaria/Desktop/MITWPU_Group_15/Runnr/Insights\ Screen/SwiftUIGraph.swift (in target 'Runnr' from project 'Runnr')
	Building project Runnr with scheme Runnr
(3 failures)
